# Armbian build failure @ 2026-10-09T00:01:16Z
=================== build/output/logs/log-build-cde6fd57-03a6-40ce-99fe-18f365d84150.log ===================
--> (86) COMMAND: mount --bind /armbian/cache/aptcache/trixie-arm64 /armbian/.tmp/rootfs-cde6fd57-03a6-40ce-99fe-18f365d84150/var/cache/apt
--> (86) COMMAND: mount --bind /armbian/cache/aptcache/lists/trixie-arm64 /armbian/.tmp/rootfs-cde6fd57-03a6-40ce-99fe-18f365d84150/var/lib/apt/lists
--> (86) COMMAND: DEBIAN_FRONTEND=noninteractive ARMBIAN_IMAGE_BUILD_BOOTFS_TYPE=unset apt-get -y -qq -o Dpkg::Use-Pty=0 -o Dpkg::Options::=--force-confdef -o Dpkg::Options::=--force-confold -o APT::Get::List-Cleanup=0 -o Acquire::Retries=3 -o APT::Update::Error-Mode=any -o DPkg::Lock::Timeout=300 -o APT::Clean-Installed=0 --no-install-recommends  install /root/armbian-firmware_26.11.0-trunk_all__1-SA3cdd-B96c8-R448a.deb
   Selecting previously unselected package armbian-firmware.
   (Reading database ... 36929 files and directories currently installed.)
   Preparing to unpack .../armbian-firmware_26.11.0-trunk_all__1-SA3cdd-B96c8-R448a.deb ...
   Unpacking armbian-firmware (26.11.0-trunk) ...
   Setting up armbian-firmware (26.11.0-trunk) ...
   W: Environment variable COLUMNS was ignored as it has an invalid value: ""
--> (100) COMMAND: umount /armbian/.tmp/rootfs-cde6fd57-03a6-40ce-99fe-18f365d84150/var/cache/apt
--> (100) COMMAND: umount /armbian/.tmp/rootfs-cde6fd57-03a6-40ce-99fe-18f365d84150/var/lib/apt/lists
--> (100) DEBINSTALL: Installing: /armbian/output/debs/armbian-bsp-cli-rockpi-4b-current_26.11.0-trunk_arm64__1-PCa4d1-V9ab0-H4108-B0cfe-Rc5ba.deb [ armbian-bsp-cli-rockpi-4b-current_26.11.0-trunk_arm64__1-PCa4d1-V9ab0-H4108-B0cfe-Rc5ba.deb ]
--> (100) COMMAND: cp -pv /armbian/output/debs/armbian-bsp-cli-rockpi-4b-current_26.11.0-trunk_arm64__1-PCa4d1-V9ab0-H4108-B0cfe-Rc5ba.deb /armbian/.tmp/rootfs-cde6fd57-03a6-40ce-99fe-18f365d84150/root/armbian-bsp-cli-rockpi-4b-current_26.11.0-trunk_arm64__1-PCa4d1-V9ab0-H4108-B0cfe-Rc5ba.deb
   '/armbian/output/debs/armbian-bsp-cli-rockpi-4b-current_26.11.0-trunk_arm64__1-PCa4d1-V9ab0-H4108-B0cfe-Rc5ba.deb' -> '/armbian/.tmp/rootfs-cde6fd57-03a6-40ce-99fe-18f365d84150/root/armbian-bsp-cli-rockpi-4b-current_26.11.0-trunk_arm64__1-PCa4d1-V9ab0-H4108-B0cfe-Rc5ba.deb'
--> (100) COMMAND: mkdir -pv /armbian/.tmp/rootfs-cde6fd57-03a6-40ce-99fe-18f365d84150/var/cache/apt /armbian/.tmp/rootfs-cde6fd57-03a6-40ce-99fe-18f365d84150/var/lib/apt/lists
--> (100) COMMAND: mount --bind /armbian/cache/aptcache/trixie-arm64 /armbian/.tmp/rootfs-cde6fd57-03a6-40ce-99fe-18f365d84150/var/cache/apt
--> (100) COMMAND: mount --bind /armbian/cache/aptcache/lists/trixie-arm64 /armbian/.tmp/rootfs-cde6fd57-03a6-40ce-99fe-18f365d84150/var/lib/apt/lists
--> (100) COMMAND: DEBIAN_FRONTEND=noninteractive ARMBIAN_IMAGE_BUILD_BOOTFS_TYPE=unset apt-get -y -qq -o Dpkg::Use-Pty=0 -o Dpkg::Options::=--force-confdef -o Dpkg::Options::=--force-confold -o APT::Get::List-Cleanup=0 -o Acquire::Retries=3 -o APT::Update::Error-Mode=any -o DPkg::Lock::Timeout=300 -o APT::Clean-Installed=0 --no-install-recommends  install /root/armbian-bsp-cli-rockpi-4b-current_26.11.0-trunk_arm64__1-PCa4d1-V9ab0-H4108-B0cfe-Rc5ba.deb
   Selecting previously unselected package fping.
   (Reading database ... 38155 files and directories currently installed.)
   Preparing to unpack .../fping_5.1-1+b1_arm64.deb ...
   Unpacking fping (5.1-1+b1) ...
   Selecting previously unselected package libfdt1:arm64.
   Preparing to unpack .../libfdt1_1.7.2-2+b1_arm64.deb ...
   Unpacking libfdt1:arm64 (1.7.2-2+b1) ...
   Selecting previously unselected package device-tree-compiler.
   Preparing to unpack .../device-tree-compiler_1.7.2-2+b1_arm64.deb ...
   Unpacking device-tree-compiler (1.7.2-2+b1) ...
   Selecting previously unselected package armbian-bsp-cli-rockpi-4b-current.
   Preparing to unpack .../armbian-bsp-cli-rockpi-4b-current_26.11.0-trunk_arm64__1-PCa4d1-V9ab0-H4108-B0cfe-Rc5ba.deb ...
   Armbian 'armbian-bsp-cli-rockpi-4b-current' for '1-PCa4d1-V9ab0-H4108-B0cfe-Rc5ba': 'preinst' starting.
   grep: /etc/sysctl.conf: No such file or directory
   Armbian 'armbian-bsp-cli-rockpi-4b-current' for '1-PCa4d1-V9ab0-H4108-B0cfe-Rc5ba': 'preinst' finishing.
   Unpacking armbian-bsp-cli-rockpi-4b-current (26.11.0-trunk) ...
   Setting up libfdt1:arm64 (1.7.2-2+b1) ...
   Setting up device-tree-compiler (1.7.2-2+b1) ...
   Setting up fping (5.1-1+b1) ...
   Setting up armbian-bsp-cli-rockpi-4b-current (26.11.0-trunk) ...
   Armbian 'armbian-bsp-cli-rockpi-4b-current' for '1-PCa4d1-V9ab0-H4108-B0cfe-Rc5ba': 'postinst' starting.
   Armbian 'armbian-bsp-cli-rockpi-4b-current' for '1-PCa4d1-V9ab0-H4108-B0cfe-Rc5ba': 'postinst' finishing.
   Processing triggers for initramfs-tools (0.148.4) ...
   Processing triggers for libc-bin (2.41-12+deb13u4) ...
   Processing triggers for systemd (257.13-1~deb13u1) ...
   Processing triggers for man-db (2.13.1-1) ...
   Processing triggers for procps (2:4.0.4-9) ...
   W: Environment variable COLUMNS was ignored as it has an invalid value: ""
--> (105) COMMAND: umount /armbian/.tmp/rootfs-cde6fd57-03a6-40ce-99fe-18f365d84150/var/cache/apt
--> (105) COMMAND: umount /armbian/.tmp/rootfs-cde6fd57-03a6-40ce-99fe-18f365d84150/var/lib/apt/lists
--> (105) DEBINSTALL: Installing: /armbian/output/debs/armbian-zsh_26.11.0-trunk_all__1-SA4b65-Ba2a8-R448a.deb [ armbian-zsh_26.11.0-trunk_all__1-SA4b65-Ba2a8-R448a.deb ]
--> (105) COMMAND: cp -pv /armbian/output/debs/armbian-zsh_26.11.0-trunk_all__1-SA4b65-Ba2a8-R448a.deb /armbian/.tmp/rootfs-cde6fd57-03a6-40ce-99fe-18f365d84150/root/armbian-zsh_26.11.0-trunk_all__1-SA4b65-Ba2a8-R448a.deb
   '/armbian/output/debs/armbian-zsh_26.11.0-trunk_all__1-SA4b65-Ba2a8-R448a.deb' -> '/armbian/.tmp/rootfs-cde6fd57-03a6-40ce-99fe-18f365d84150/root/armbian-zsh_26.11.0-trunk_all__1-SA4b65-Ba2a8-R448a.deb'
--> (105) COMMAND: mkdir -pv /armbian/.tmp/rootfs-cde6fd57-03a6-40ce-99fe-18f365d84150/var/cache/apt /armbian/.tmp/rootfs-cde6fd57-03a6-40ce-99fe-18f365d84150/var/lib/apt/lists
--> (105) COMMAND: mount --bind /armbian/cache/aptcache/trixie-arm64 /armbian/.tmp/rootfs-cde6fd57-03a6-40ce-99fe-18f365d84150/var/cache/apt
--> (105) COMMAND: mount --bind /armbian/cache/aptcache/lists/trixie-arm64 /armbian/.tmp/rootfs-cde6fd57-03a6-40ce-99fe-18f365d84150/var/lib/apt/lists
--> (105) COMMAND: DEBIAN_FRONTEND=noninteractive ARMBIAN_IMAGE_BUILD_BOOTFS_TYPE=unset apt-get -y -qq -o Dpkg::Use-Pty=0 -o Dpkg::Options::=--force-confdef -o Dpkg::Options::=--force-confold -o APT::Get::List-Cleanup=0 -o Acquire::Retries=3 -o APT::Update::Error-Mode=any -o DPkg::Lock::Timeout=300 -o APT::Clean-Installed=0 --no-install-recommends  install /root/armbian-zsh_26.11.0-trunk_all__1-SA4b65-Ba2a8-R448a.deb
   Selecting previously unselected package zsh-common.
   (Reading database ... 38317 files and directories currently installed.)
   Preparing to unpack .../zsh-common_5.9-8_all.deb ...
   Unpacking zsh-common (5.9-8) ...
   Selecting previously unselected package zsh.
   Preparing to unpack .../zsh_5.9-8+b24_arm64.deb ...
   Unpacking zsh (5.9-8+b24) ...
   Selecting previously unselected package libjemalloc2:arm64.
   Preparing to unpack .../libjemalloc2_5.3.0-3_arm64.deb ...
   Unpacking libjemalloc2:arm64 (5.3.0-3) ...
   Selecting previously unselected package tmux.
   Preparing to unpack .../archives/tmux_3.5a-3_arm64.deb ...
   Unpacking tmux (3.5a-3) ...
   Selecting previously unselected package armbian-zsh.
   Preparing to unpack .../armbian-zsh_26.11.0-trunk_all__1-SA4b65-Ba2a8-R448a.deb ...
   Unpacking armbian-zsh (26.11.0-trunk) ...
   Setting up zsh-common (5.9-8) ...
   Setting up libjemalloc2:arm64 (5.3.0-3) ...
   Setting up zsh (5.9-8+b24) ...
   Setting up tmux (3.5a-3) ...
   Setting up armbian-zsh (26.11.0-trunk) ...
   Processing triggers for libc-bin (2.41-12+deb13u4) ...
   Processing triggers for man-db (2.13.1-1) ...
   Processing triggers for debianutils (5.23.2) ...
   W: Environment variable COLUMNS was ignored as it has an invalid value: ""
   W: Environment variable COLUMNS was ignored as it has an invalid value: ""
--> (119) COMMAND: umount /armbian/.tmp/rootfs-cde6fd57-03a6-40ce-99fe-18f365d84150/var/cache/apt
--> (119) COMMAND: umount /armbian/.tmp/rootfs-cde6fd57-03a6-40ce-99fe-18f365d84150/var/lib/apt/lists
--> (119) DEBINSTALL: Installing: /armbian/output/debs/armbian-plymouth-theme_26.11.0-trunk_all__1-B5bd9-R448a.deb [ armbian-plymouth-theme_26.11.0-trunk_all__1-B5bd9-R448a.deb ]
--> (119) COMMAND: cp -pv /armbian/output/debs/armbian-plymouth-theme_26.11.0-trunk_all__1-B5bd9-R448a.deb /armbian/.tmp/rootfs-cde6fd57-03a6-40ce-99fe-18f365d84150/root/armbian-plymouth-theme_26.11.0-trunk_all__1-B5bd9-R448a.deb
   '/armbian/output/debs/armbian-plymouth-theme_26.11.0-trunk_all__1-B5bd9-R448a.deb' -> '/armbian/.tmp/rootfs-cde6fd57-03a6-40ce-99fe-18f365d84150/root/armbian-plymouth-theme_26.11.0-trunk_all__1-B5bd9-R448a.deb'
--> (119) COMMAND: mkdir -pv /armbian/.tmp/rootfs-cde6fd57-03a6-40ce-99fe-18f365d84150/var/cache/apt /armbian/.tmp/rootfs-cde6fd57-03a6-40ce-99fe-18f365d84150/var/lib/apt/lists
--> (119) COMMAND: mount --bind /armbian/cache/aptcache/trixie-arm64 /armbian/.tmp/rootfs-cde6fd57-03a6-40ce-99fe-18f365d84150/var/cache/apt
--> (119) COMMAND: mount --bind /armbian/cache/aptcache/lists/trixie-arm64 /armbian/.tmp/rootfs-cde6fd57-03a6-40ce-99fe-18f365d84150/var/lib/apt/lists
--> (119) COMMAND: DEBIAN_FRONTEND=noninteractive ARMBIAN_IMAGE_BUILD_BOOTFS_TYPE=unset apt-get -y -qq -o Dpkg::Use-Pty=0 -o Dpkg::Options::=--force-confdef -o Dpkg::Options::=--force-confold -o APT::Get::List-Cleanup=0 -o Acquire::Retries=3 -o APT::Update::Error-Mode=any -o DPkg::Lock::Timeout=300 -o APT::Clean-Installed=0 --no-install-recommends  install /root/armbian-plymouth-theme_26.11.0-trunk_all__1-B5bd9-R448a.deb
   Selecting previously unselected package armbian-plymouth-theme.
   (Reading database ... 41962 files and directories currently installed.)
   Preparing to unpack .../armbian-plymouth-theme_26.11.0-trunk_all__1-B5bd9-R448a.deb ...
   Unpacking armbian-plymouth-theme (26.11.0-trunk) ...
   Setting up armbian-plymouth-theme (26.11.0-trunk) ...
   update-initramfs: deferring update (trigger activated)
   Processing triggers for initramfs-tools (0.148.4) ...
   W: Environment variable COLUMNS was ignored as it has an invalid value: ""
   W: Environment variable COLUMNS was ignored as it has an invalid value: ""
--> (126) COMMAND: umount /armbian/.tmp/rootfs-cde6fd57-03a6-40ce-99fe-18f365d84150/var/cache/apt
--> (126) COMMAND: umount /armbian/.tmp/rootfs-cde6fd57-03a6-40ce-99fe-18f365d84150/var/lib/apt/lists
--> (126) COMMAND: rm -fv /armbian/.tmp/rootfs-cde6fd57-03a6-40ce-99fe-18f365d84150/root/armbian-bsp-cli-rockpi-4b-current_26.11.0-trunk_arm64__1-PCa4d1-V9ab0-H4108-B0cfe-Rc5ba.deb /armbian/.tmp/rootfs-cde6fd57-03a6-40ce-99fe-18f365d84150/root/armbian-firmware_26.11.0-trunk_all__1-SA3cdd-B96c8-R448a.deb /armbian/.tmp/rootfs-cde6fd57-03a6-40ce-99fe-18f365d84150/root/armbian-plymouth-theme_26.11.0-trunk_all__1-B5bd9-R448a.deb /armbian/.tmp/rootfs-cde6fd57-03a6-40ce-99fe-18f365d84150/root/armbian-zsh_26.11.0-trunk_all__1-SA4b65-Ba2a8-R448a.deb /armbian/.tmp/rootfs-cde6fd57-03a6-40ce-99fe-18f365d84150/root/base-files_26.11.0-trunk-13.8+deb13u7-trixie_arm64__1-trixie-1armbian1-Bced1-U13.8--deb13u7-R55fa.deb /armbian/.tmp/rootfs-cde6fd57-03a6-40ce-99fe-18f365d84150/root/linux-dtb-current-rockchip64_26.11.0-trunk_arm64__6.18.55-S725b-D4e2e-P4171-C37a6-Ha664-HK01ba-Vc222-Bb9ae-R448a.deb /armbian/.tmp/rootfs-cde6fd57-03a6-40ce-99fe-18f365d84150/root/linux-image-current-rockchip64_26.11.0-trunk_arm64__6.18.55-S725b-D4e2e-P4171-C37a6-Ha664-HK01ba-Vc222-Bb9ae-R448a.deb /armbian/.tmp/rootfs-cde6fd57-03a6-40ce-99fe-18f365d84150/root/linux-u-boot-rockpi-4b-current_26.11.0-trunk_arm64__2022.07-Se092-P8f7f-Ha199-V5608-B56a7-R448a.deb
   removed '/armbian/.tmp/rootfs-cde6fd57-03a6-40ce-99fe-18f365d84150/root/armbian-bsp-cli-rockpi-4b-current_26.11.0-trunk_arm64__1-PCa4d1-V9ab0-H4108-B0cfe-Rc5ba.deb'
   removed '/armbian/.tmp/rootfs-cde6fd57-03a6-40ce-99fe-18f365d84150/root/armbian-firmware_26.11.0-trunk_all__1-SA3cdd-B96c8-R448a.deb'
   removed '/armbian/.tmp/rootfs-cde6fd57-03a6-40ce-99fe-18f365d84150/root/armbian-plymouth-theme_26.11.0-trunk_all__1-B5bd9-R448a.deb'
   removed '/armbian/.tmp/rootfs-cde6fd57-03a6-40ce-99fe-18f365d84150/root/armbian-zsh_26.11.0-trunk_all__1-SA4b65-Ba2a8-R448a.deb'
   removed '/armbian/.tmp/rootfs-cde6fd57-03a6-40ce-99fe-18f365d84150/root/base-files_26.11.0-trunk-13.8+deb13u7-trixie_arm64__1-trixie-1armbian1-Bced1-U13.8--deb13u7-R55fa.deb'
   removed '/armbian/.tmp/rootfs-cde6fd57-03a6-40ce-99fe-18f365d84150/root/linux-dtb-current-rockchip64_26.11.0-trunk_arm64__6.18.55-S725b-D4e2e-P4171-C37a6-Ha664-HK01ba-Vc222-Bb9ae-R448a.deb'
   removed '/armbian/.tmp/rootfs-cde6fd57-03a6-40ce-99fe-18f365d84150/root/linux-image-current-rockchip64_26.11.0-trunk_arm64__6.18.55-S725b-D4e2e-P4171-C37a6-Ha664-HK01ba-Vc222-Bb9ae-R448a.deb'
   removed '/armbian/.tmp/rootfs-cde6fd57-03a6-40ce-99fe-18f365d84150/root/linux-u-boot-rockpi-4b-current_26.11.0-trunk_arm64__2022.07-Se092-P8f7f-Ha199-V5608-B56a7-R448a.deb'
--> (126) COMMAND: cp -v /armbian/packages/blobs/splash/armbian-u-boot.bmp /armbian/.tmp/rootfs-cde6fd57-03a6-40ce-99fe-18f365d84150/boot/boot.bmp
   '/armbian/packages/blobs/splash/armbian-u-boot.bmp' -> '/armbian/.tmp/rootfs-cde6fd57-03a6-40ce-99fe-18f365d84150/boot/boot.bmp'
--> (126) INFO: Applying family [  tweaks: rockpi-4b :: rockchip64 ]
--> (126) INFO: Enabling Armbian services [ systemd ]
--> (126) COMMAND: systemctl --no-reload enable armbian-firstrun.service
   Created symlink '/etc/systemd/system/multi-user.target.wants/armbian-firstrun.service' -> '/usr/lib/systemd/system/armbian-firstrun.service'.
--> (126) COMMAND: systemctl --no-reload enable armbian-zram-config.service
--> (126) COMMAND: systemctl --no-reload enable armbian-hardware-optimize.service
--> (126) COMMAND: systemctl --no-reload enable armbian-ramlog.service
   Created symlink '/etc/systemd/system/sysinit.target.wants/armbian-ramlog.service' -> '/usr/lib/systemd/system/armbian-ramlog.service'.
--> (126) COMMAND: systemctl --no-reload enable armbian-resize-filesystem.service
   Created symlink '/etc/systemd/system/multi-user.target.wants/armbian-resize-filesystem.service' -> '/usr/lib/systemd/system/armbian-resize-filesystem.service'.
--> (126) COMMAND: systemctl --no-reload enable armbian-hardware-monitor.service
--> (127) COMMAND: systemctl --no-reload enable armbian-led-state.service
--> (127) COMMAND: chown root:messagebus /usr/lib/dbus-1.0/dbus-daemon-launch-helper
--> (127) COMMAND: chmod u+s /usr/lib/dbus-1.0/dbus-daemon-launch-helper
--> (127) INFO: Enabling serial console [ ttyS2 ]
--> (127) COMMAND: systemctl daemon-reload
   Running in chroot, ignoring command 'daemon-reload'
--> (127) COMMAND: systemctl --no-reload enable serial-getty@ttyS2.service
   Created symlink '/etc/systemd/system/getty.target.wants/serial-getty@ttyS2.service' -> '/usr/lib/systemd/system/serial-getty@.service'.
------------------------------------------------------------------------------------------------------------
### customize_image.log 
--> (127) INFO: Calling image customization script [ customize-image.sh ]
--> (127) COMMAND: /tmp/customize-image.sh trixie rockchip64 rockpi-4b no arm64
--> (127) INFO: Adding Armbian repository and authentication key [ image-late :: /etc/apt/sources.list.d/armbian.sources ]
--> (127) INFO: Preserving existing qemu binary [ qemu-aarch64-static during image-late ]
--> (127) COMMAND: mv -v /armbian/.tmp/rootfs-cde6fd57-03a6-40ce-99fe-18f365d84150//usr/bin/qemu-aarch64-static /armbian/.tmp/rootfs-cde6fd57-03a6-40ce-99fe-18f365d84150//usr/bin/qemu-aarch64-static.armbian.orig
--> (127) INFO: Preserving existing qemu binary [ qemu-aarch64 during image-late ]
--> (127) COMMAND: mv -v /armbian/.tmp/rootfs-cde6fd57-03a6-40ce-99fe-18f365d84150//usr/bin/qemu-aarch64 /armbian/.tmp/rootfs-cde6fd57-03a6-40ce-99fe-18f365d84150//usr/bin/qemu-aarch64.armbian.orig
--> (127) INFO: Deploying qemu-user-static binary to chroot [ qemu-aarch64-static during image-late (from /usr/bin/qemu-aarch64-static) ]
--> (127) COMMAND: cp -pv /usr/bin/qemu-aarch64-static /armbian/.tmp/rootfs-cde6fd57-03a6-40ce-99fe-18f365d84150//usr/bin/qemu-aarch64-static
--> (127) COMMAND: cp -pv /usr/bin/qemu-aarch64-static /armbian/.tmp/rootfs-cde6fd57-03a6-40ce-99fe-18f365d84150//usr/bin/qemu-aarch64
--> (127) INFO: Removing qemu-user-static binary from chroot [ qemu-aarch64-static during image-late ]
--> (127) COMMAND: rm -fv /armbian/.tmp/rootfs-cde6fd57-03a6-40ce-99fe-18f365d84150//usr/bin/qemu-aarch64-static
--> (127) COMMAND: rm -fv /armbian/.tmp/rootfs-cde6fd57-03a6-40ce-99fe-18f365d84150//usr/bin/qemu-aarch64
--> (127) INFO: Restoring original qemu binary [ qemu-aarch64-static during image-late ]
--> (127) COMMAND: mv -v /armbian/.tmp/rootfs-cde6fd57-03a6-40ce-99fe-18f365d84150//usr/bin/qemu-aarch64-static.armbian.orig /armbian/.tmp/rootfs-cde6fd57-03a6-40ce-99fe-18f365d84150//usr/bin/qemu-aarch64-static
--> (127) INFO: Restoring original qemu binary [ qemu-aarch64 during image-late ]
--> (127) COMMAND: mv -v /armbian/.tmp/rootfs-cde6fd57-03a6-40ce-99fe-18f365d84150//usr/bin/qemu-aarch64.armbian.orig /armbian/.tmp/rootfs-cde6fd57-03a6-40ce-99fe-18f365d84150//usr/bin/qemu-aarch64
------------------------------------------------------------------------------------------------------------
### post_repo_apt_update.log 
--> (127) INFO: Updating APT package lists [ after customization ]
--> (127) COMMAND: mkdir -pv /armbian/.tmp/rootfs-cde6fd57-03a6-40ce-99fe-18f365d84150/var/cache/apt /armbian/.tmp/rootfs-cde6fd57-03a6-40ce-99fe-18f365d84150/var/lib/apt/lists
--> (127) COMMAND: mount --bind /armbian/cache/aptcache/trixie-arm64 /armbian/.tmp/rootfs-cde6fd57-03a6-40ce-99fe-18f365d84150/var/cache/apt
--> (127) COMMAND: mount --bind /armbian/cache/aptcache/lists/trixie-arm64 /armbian/.tmp/rootfs-cde6fd57-03a6-40ce-99fe-18f365d84150/var/lib/apt/lists
--> (127) COMMAND: DEBIAN_FRONTEND=noninteractive apt-get -y -q -o Dpkg::Use-Pty=0 -o Dpkg::Options::=--force-confdef -o Dpkg::Options::=--force-confold -o APT::Get::List-Cleanup=0 -o Acquire::Retries=3 -o APT::Update::Error-Mode=any -o DPkg::Lock::Timeout=300 update
   Hit:1 http://deb.debian.org/debian trixie InRelease
   Hit:2 http://deb.debian.org/debian trixie-updates InRelease
   Hit:3 http://deb.debian.org/debian trixie-backports InRelease
   Hit:5 http://github.armbian.com/configng stable InRelease
   Hit:6 http://security.debian.org trixie-security InRelease
   Get:4 http://mirrors.aliyun.com/armbian trixie InRelease [39.4 kB]
   Get:7 http://mirrors.aliyun.com/armbian trixie/main arm64 Packages [866 kB]
   Get:8 http://mirrors.aliyun.com/armbian trixie/main all Packages [4494 B]
   Get:9 http://mirrors.aliyun.com/armbian trixie/trixie-utils all Packages [5615 B]
   Get:10 http://mirrors.aliyun.com/armbian trixie/trixie-utils arm64 Packages [19.9 kB]
   Get:11 http://mirrors.aliyun.com/armbian trixie/trixie-desktop all Packages [3980 B]
   Get:12 http://mirrors.aliyun.com/armbian trixie/trixie-desktop arm64 Packages [6597 B]
   Fetched 946 kB in 6s (156 kB/s)
   Reading package lists...
   W: Environment variable COLUMNS was ignored as it has an invalid value: ""
--> (135) COMMAND: umount /armbian/.tmp/rootfs-cde6fd57-03a6-40ce-99fe-18f365d84150/var/cache/apt
--> (135) COMMAND: umount /armbian/.tmp/rootfs-cde6fd57-03a6-40ce-99fe-18f365d84150/var/lib/apt/lists
------------------------------------------------------------------------------------------------------------
### post_armbian_repo_customize_image.log 
--> (135) COMMAND: mkdir -pv /armbian/.tmp/rootfs-cde6fd57-03a6-40ce-99fe-18f365d84150/var/cache/apt /armbian/.tmp/rootfs-cde6fd57-03a6-40ce-99fe-18f365d84150/var/lib/apt/lists
--> (135) COMMAND: mount --bind /armbian/cache/aptcache/trixie-arm64 /armbian/.tmp/rootfs-cde6fd57-03a6-40ce-99fe-18f365d84150/var/cache/apt
--> (135) COMMAND: mount --bind /armbian/cache/aptcache/lists/trixie-arm64 /armbian/.tmp/rootfs-cde6fd57-03a6-40ce-99fe-18f365d84150/var/lib/apt/lists
--> (135) COMMAND: DEBIAN_FRONTEND=noninteractive apt-get -y -qq -o Dpkg::Use-Pty=0 -o Dpkg::Options::=--force-confdef -o Dpkg::Options::=--force-confold -o APT::Get::List-Cleanup=0 -o Acquire::Retries=3 -o APT::Update::Error-Mode=any -o DPkg::Lock::Timeout=300 --no-install-recommends install armbian-config
   Selecting previously unselected package whiptail.
   (Reading database ... 42049 files and directories currently installed.)
   Preparing to unpack .../whiptail_0.52.25-1_arm64.deb ...
   Unpacking whiptail (0.52.25-1) ...
   Selecting previously unselected package libtext-iconv-perl:arm64.
   Preparing to unpack .../libtext-iconv-perl_1.7-8+b4_arm64.deb ...
   Unpacking libtext-iconv-perl:arm64 (1.7-8+b4) ...
   Selecting previously unselected package armbian-config.
   Preparing to unpack .../armbian-config_26.8.0-trunk.426.1004.191514_all.deb ...
   Unpacking armbian-config (26.8.0-trunk.426.1004.191514) ...
   Setting up libtext-iconv-perl:arm64 (1.7-8+b4) ...
   Setting up whiptail (0.52.25-1) ...
   Setting up armbian-config (26.8.0-trunk.426.1004.191514) ...
   Processing triggers for man-db (2.13.1-1) ...
   W: Environment variable COLUMNS was ignored as it has an invalid value: ""
   W: Environment variable COLUMNS was ignored as it has an invalid value: ""
--> (143) COMMAND: umount /armbian/.tmp/rootfs-cde6fd57-03a6-40ce-99fe-18f365d84150/var/cache/apt
--> (143) COMMAND: umount /armbian/.tmp/rootfs-cde6fd57-03a6-40ce-99fe-18f365d84150/var/lib/apt/lists
------------------------------------------------------------------------------------------------------------
### apt_purge_unneeded_packages_and_clean_apt_caches.log 
--> (143) INFO: No longer needed packages [ purge ]
--> (143) COMMAND: mkdir -pv /armbian/.tmp/rootfs-cde6fd57-03a6-40ce-99fe-18f365d84150/var/cache/apt /armbian/.tmp/rootfs-cde6fd57-03a6-40ce-99fe-18f365d84150/var/lib/apt/lists
--> (143) COMMAND: mount --bind /armbian/cache/aptcache/trixie-arm64 /armbian/.tmp/rootfs-cde6fd57-03a6-40ce-99fe-18f365d84150/var/cache/apt
--> (143) COMMAND: mount --bind /armbian/cache/aptcache/lists/trixie-arm64 /armbian/.tmp/rootfs-cde6fd57-03a6-40ce-99fe-18f365d84150/var/lib/apt/lists
--> (143) COMMAND: DEBIAN_FRONTEND=noninteractive apt-get -y -qq -o Dpkg::Use-Pty=0 -o Dpkg::Options::=--force-confdef -o Dpkg::Options::=--force-confold -o APT::Get::List-Cleanup=0 -o Acquire::Retries=3 -o APT::Update::Error-Mode=any -o DPkg::Lock::Timeout=300 autoremove
   W: Environment variable COLUMNS was ignored as it has an invalid value: ""
--> (144) COMMAND: umount /armbian/.tmp/rootfs-cde6fd57-03a6-40ce-99fe-18f365d84150/var/cache/apt
--> (144) COMMAND: umount /armbian/.tmp/rootfs-cde6fd57-03a6-40ce-99fe-18f365d84150/var/lib/apt/lists
--> (144) COMMAND: apt-get clean
   W: Environment variable COLUMNS was ignored as it has an invalid value: ""
--> (145) COMMAND: rm -rf /armbian/.tmp/rootfs-cde6fd57-03a6-40ce-99fe-18f365d84150/var/lib/apt/lists
------------------------------------------------------------------------------------------------------------
### apt_lists_copy_from_host_to_image_and_update.log 
--> (145) INFO: Copying host-side apt list cache into image [ apt-get update and clean image-side ]
--> (145) COMMAND: mkdir -pv /armbian/.tmp/rootfs-cde6fd57-03a6-40ce-99fe-18f365d84150/var/lib/apt/lists
   mkdir: created directory '/armbian/.tmp/rootfs-cde6fd57-03a6-40ce-99fe-18f365d84150/var/lib/apt/lists'
--> (145) COMMAND: cp -pr /armbian/cache/aptcache/lists/trixie-arm64/apt.armbian.com_dists_trixie_InRelease /armbian/cache/aptcache/lists/trixie-arm64/apt.armbian.com_dists_trixie_main_binary-all_Packages /armbian/cache/aptcache/lists/trixie-arm64/apt.armbian.com_dists_trixie_main_binary-arm64_Packages /armbian/cache/aptcache/lists/trixie-arm64/apt.armbian.com_dists_trixie_trixie-desktop_binary-all_Packages /armbian/cache/aptcache/lists/trixie-arm64/apt.armbian.com_dists_trixie_trixie-desktop_binary-arm64_Packages /armbian/cache/aptcache/lists/trixie-arm64/apt.armbian.com_dists_trixie_trixie-utils_binary-all_Packages /armbian/cache/aptcache/lists/trixie-arm64/apt.armbian.com_dists_trixie_trixie-utils_binary-arm64_Packages /armbian/cache/aptcache/lists/trixie-arm64/auxfiles /armbian/cache/aptcache/lists/trixie-arm64/deb.debian.org_debian_dists_trixie-backports_InRelease /armbian/cache/aptcache/lists/trixie-arm64/deb.debian.org_debian_dists_trixie-backports_contrib_Contents-all.lz4 /armbian/cache/aptcache/lists/trixie-arm64/deb.debian.org_debian_dists_trixie-backports_contrib_Contents-arm64.lz4 /armbian/cache/aptcache/lists/trixie-arm64/deb.debian.org_debian_dists_trixie-backports_contrib_binary-arm64_Packages /armbian/cache/aptcache/lists/trixie-arm64/deb.debian.org_debian_dists_trixie-backports_contrib_i18n_Translation-en /armbian/cache/aptcache/lists/trixie-arm64/deb.debian.org_debian_dists_trixie-backports_main_Contents-all.lz4 /armbian/cache/aptcache/lists/trixie-arm64/deb.debian.org_debian_dists_trixie-backports_main_Contents-arm64.lz4 /armbian/cache/aptcache/lists/trixie-arm64/deb.debian.org_debian_dists_trixie-backports_main_binary-arm64_Packages /armbian/cache/aptcache/lists/trixie-arm64/deb.debian.org_debian_dists_trixie-backports_main_i18n_Translation-en /armbian/cache/aptcache/lists/trixie-arm64/deb.debian.org_debian_dists_trixie-backports_non-free-firmware_Contents-all.lz4 /armbian/cache/aptcache/lists/trixie-arm64/deb.debian.org_debian_dists_trixie-backports_non-free-firmware_Contents-arm64.lz4 /armbian/cache/aptcache/lists/trixie-arm64/deb.debian.org_debian_dists_trixie-backports_non-free-firmware_binary-arm64_Packages /armbian/cache/aptcache/lists/trixie-arm64/deb.debian.org_debian_dists_trixie-backports_non-free-firmware_i18n_Translation-en /armbian/cache/aptcache/lists/trixie-arm64/deb.debian.org_debian_dists_trixie-backports_non-free_Contents-all.lz4 /armbian/cache/aptcache/lists/trixie-arm64/deb.debian.org_debian_dists_trixie-backports_non-free_Contents-arm64.lz4 /armbian/cache/aptcache/lists/trixie-arm64/deb.debian.org_debian_dists_trixie-backports_non-free_binary-arm64_Packages /armbian/cache/aptcache/lists/trixie-arm64/deb.debian.org_debian_dists_trixie-backports_non-free_i18n_Translation-en /armbian/cache/aptcache/lists/trixie-arm64/deb.debian.org_debian_dists_trixie-updates_InRelease /armbian/cache/aptcache/lists/trixie-arm64/deb.debian.org_debian_dists_trixie-updates_main_Contents-all.lz4 /armbian/cache/aptcache/lists/trixie-arm64/deb.debian.org_debian_dists_trixie-updates_main_Contents-arm64.lz4 /armbian/cache/aptcache/lists/trixie-arm64/deb.debian.org_debian_dists_trixie-updates_main_binary-arm64_Packages /armbian/cache/aptcache/lists/trixie-arm64/deb.debian.org_debian_dists_trixie-updates_main_i18n_Translation-en /armbian/cache/aptcache/lists/trixie-arm64/deb.debian.org_debian_dists_trixie_InRelease /armbian/cache/aptcache/lists/trixie-arm64/deb.debian.org_debian_dists_trixie_contrib_Contents-all.lz4 /armbian/cache/aptcache/lists/trixie-arm64/deb.debian.org_debian_dists_trixie_contrib_Contents-arm64.lz4 /armbian/cache/aptcache/lists/trixie-arm64/deb.debian.org_debian_dists_trixie_contrib_binary-arm64_Packages /armbian/cache/aptcache/lists/trixie-arm64/deb.debian.org_debian_dists_trixie_contrib_i18n_Translation-en /armbian/cache/aptcache/lists/trixie-arm64/deb.debian.org_debian_dists_trixie_main_Contents-all.lz4 /armbian/cache/aptcache/lists/trixie-arm64/deb.debian.org_debian_dists_trixie_main_Contents-arm64.lz4 /armbian/cache/aptcache/lists/trixie-arm64/deb.debian.org_debian_dists_trixie_main_binary-arm64_Packages /armbian/cache/aptcache/lists/trixie-arm64/deb.debian.org_debian_dists_trixie_main_i18n_Translation-en /armbian/cache/aptcache/lists/trixie-arm64/deb.debian.org_debian_dists_trixie_non-free-firmware_Contents-all.lz4 /armbian/cache/aptcache/lists/trixie-arm64/deb.debian.org_debian_dists_trixie_non-free-firmware_Contents-arm64.lz4 /armbian/cache/aptcache/lists/trixie-arm64/deb.debian.org_debian_dists_trixie_non-free-firmware_binary-arm64_Packages /armbian/cache/aptcache/lists/trixie-arm64/deb.debian.org_debian_dists_trixie_non-free-firmware_i18n_Translation-en /armbian/cache/aptcache/lists/trixie-arm64/deb.debian.org_debian_dists_trixie_non-free_Contents-all.lz4 /armbian/cache/aptcache/lists/trixie-arm64/deb.debian.org_debian_dists_trixie_non-free_Contents-arm64.lz4 /armbian/cache/aptcache/lists/trixie-arm64/deb.debian.org_debian_dists_trixie_non-free_binary-arm64_Packages /armbian/cache/aptcache/lists/trixie-arm64/deb.debian.org_debian_dists_trixie_non-free_i18n_Translation-en /armbian/cache/aptcache/lists/trixie-arm64/github.armbian.com_configng_dists_stable_InRelease /armbian/cache/aptcache/lists/trixie-arm64/github.armbian.com_configng_dists_stable_main_binary-arm64_Packages /armbian/cache/aptcache/lists/trixie-arm64/lock /armbian/cache/aptcache/lists/trixie-arm64/partial /armbian/cache/aptcache/lists/trixie-arm64/security.debian.org_dists_trixie-security_InRelease /armbian/cache/aptcache/lists/trixie-arm64/security.debian.org_dists_trixie-security_contrib_binary-arm64_Packages /armbian/cache/aptcache/lists/trixie-arm64/security.debian.org_dists_trixie-security_contrib_i18n_Translation-en /armbian/cache/aptcache/lists/trixie-arm64/security.debian.org_dists_trixie-security_main_binary-arm64_Packages /armbian/cache/aptcache/lists/trixie-arm64/security.debian.org_dists_trixie-security_main_i18n_Translation-en /armbian/cache/aptcache/lists/trixie-arm64/security.debian.org_dists_trixie-security_non-free-firmware_i18n_Translation-en /armbian/.tmp/rootfs-cde6fd57-03a6-40ce-99fe-18f365d84150/var/lib/apt/lists/
--> (145) INFO: After copying host-side cache into image [ 57 files ]
--> (145) INFO: Updating apt lists in image [ apt-get update and clean ]
--> (145) COMMAND: apt-get -y -o APT::Get::List-Cleanup=1 -o APT::Clean-Installed=1 update
   Hit:1 http://deb.debian.org/debian trixie InRelease
   Hit:2 http://deb.debian.org/debian trixie-updates InRelease
   Hit:3 http://deb.debian.org/debian trixie-backports InRelease
   Hit:5 http://security.debian.org trixie-security InRelease
   Hit:6 https://github.armbian.com/configng stable InRelease
   Hit:4 http://armbian.lv.auroradev.org/apt trixie InRelease
   Reading package lists...
   W: Environment variable COLUMNS was ignored as it has an invalid value: ""
--> (148) COMMAND: apt-get -y -o APT::Get::List-Cleanup=1 -o APT::Clean-Installed=1 clean
   W: Environment variable COLUMNS was ignored as it has an invalid value: ""
--> (148) INFO: After updating and cleaning image apt list cache [ 45 files ]
------------------------------------------------------------------------------------------------------------
### list_installed_packages.log 
--> (148) COMMAND: dpkg --get-selections | grep -v deinstall | awk '{print $1}' | cut -f1 -d':'
--> (148) INFO: Image installed package hash [ ✅ base-files = 1-trixie-1armbian1-Bced1-U13.8--deb13u7-R55fa ]
--> (148) INFO: Image installed package hash [ ✅ linux-image-current-rockchip64 = 6.18.55-S725b-D4e2e-P4171-C37a6-Ha664-HK01ba-Vc222-Bb9ae-R448a ]
--> (149) INFO: Image installed package hash [ ✅ armbian-firmware = 1-SA3cdd-B96c8-R448a ]
--> (149) INFO: Image installed package hash [ ✅ armbian-zsh = 1-SA4b65-Ba2a8-R448a ]
--> (149) INFO: Image installed package hash [ ✅ armbian-plymouth-theme = 1-B5bd9-R448a ]
--> (149) INFO: Image installed package hash [ ✅ armbian-bsp-cli-rockpi-4b-current = 1-PCa4d1-V9ab0-H4108-B0cfe-Rc5ba ]
--> (149) INFO: Image installed package hash [ ✅ linux-u-boot-rockpi-4b-current = 2022.07-Se092-P8f7f-Ha199-V5608-B56a7-R448a ]
--> (149) INFO: Image installed package hash [ ✅ linux-dtb-current-rockchip64 = 6.18.55-S725b-D4e2e-P4171-C37a6-Ha664-HK01ba-Vc222-Bb9ae-R448a ]
------------------------------------------------------------------------------------------------------------
### post_debootstrap_tweaks.log 
--> (149) COMMAND: rm -fv /armbian/.tmp/rootfs-cde6fd57-03a6-40ce-99fe-18f365d84150/etc/resolv.conf
   removed '/armbian/.tmp/rootfs-cde6fd57-03a6-40ce-99fe-18f365d84150/etc/resolv.conf'
--> (149) COMMAND: ln -s /run/systemd/resolve/stub-resolv.conf /armbian/.tmp/rootfs-cde6fd57-03a6-40ce-99fe-18f365d84150/etc/resolv.conf
--> (149) COMMAND: rm -fv /armbian/.tmp/rootfs-cde6fd57-03a6-40ce-99fe-18f365d84150/sbin/initctl /armbian/.tmp/rootfs-cde6fd57-03a6-40ce-99fe-18f365d84150/sbin/start-stop-daemon
   removed '/armbian/.tmp/rootfs-cde6fd57-03a6-40ce-99fe-18f365d84150/sbin/initctl'
   removed '/armbian/.tmp/rootfs-cde6fd57-03a6-40ce-99fe-18f365d84150/sbin/start-stop-daemon'
--> (149) COMMAND: dpkg-divert --quiet --local --rename --remove /sbin/initctl
--> (149) COMMAND: dpkg-divert --quiet --local --rename --remove /sbin/start-stop-daemon
--> (149) COMMAND: rm -fv /armbian/.tmp/rootfs-cde6fd57-03a6-40ce-99fe-18f365d84150/usr/sbin/policy-rc.d
   removed '/armbian/.tmp/rootfs-cde6fd57-03a6-40ce-99fe-18f365d84150/usr/sbin/policy-rc.d'
------------------------------------------------------------------------------------------------------------
### undeploy_qemu_binary_from_chroot_image.log 
--> (149) INFO: Removing qemu-user-static binary from chroot [ qemu-aarch64-static during image ]
--> (149) COMMAND: rm -fv /armbian/.tmp/rootfs-cde6fd57-03a6-40ce-99fe-18f365d84150/usr/bin/qemu-aarch64-static
   removed '/armbian/.tmp/rootfs-cde6fd57-03a6-40ce-99fe-18f365d84150/usr/bin/qemu-aarch64-static'
--> (149) COMMAND: rm -fv /armbian/.tmp/rootfs-cde6fd57-03a6-40ce-99fe-18f365d84150/usr/bin/qemu-aarch64
   removed '/armbian/.tmp/rootfs-cde6fd57-03a6-40ce-99fe-18f365d84150/usr/bin/qemu-aarch64'
------------------------------------------------------------------------------------------------------------
### umount_chroot_sdcard.log 
--> (149) INFO: Unmounting [ /armbian/.tmp/rootfs-cde6fd57-03a6-40ce-99fe-18f365d84150 ]
--> (149) COMMAND: grep -E '/armbian/.tmp/rootfs-cde6fd57-03a6-40ce-99fe-18f365d84150/(dev|proc|sys|tmp)' /proc/mounts || true
--> (149) COMMAND: rm -rf /armbian/.tmp/rootfs-cde6fd57-03a6-40ce-99fe-18f365d84150/run/user/0
--> (149) INFO: Actual rootfs size [ 1938MiB ]
------------------------------------------------------------------------------------------------------------
### prepare_partitions.log 
--> (149) INFO: Preparing image file for rootfs [ rockpi-4b trixie ]
--> (149) INFO: e2fsprogs version [ 1.47.2 supports orphan_file ]
--> (149) INFO: Current rootfs size [ 1938 MiB ]
--> (149) INFO: Creating blank image for rootfs [ truncate: 2544 MiB ]
--> (149) COMMAND: truncate --size=2544M /armbian/.tmp/rootfs-cde6fd57-03a6-40ce-99fe-18f365d84150.raw
--> (149) INFO: Creating partitions [ root: ext4 ]
--> (149) COMMAND: sfdisk --sector-size 512 /armbian/.tmp/rootfs-cde6fd57-03a6-40ce-99fe-18f365d84150.raw
   Checking that no-one is using this disk right now ... OK
   
   Disk /armbian/.tmp/rootfs-cde6fd57-03a6-40ce-99fe-18f365d84150.raw: 2.48 GiB, 2667577344 bytes, 5210112 sectors
   Units: sectors of 1 * 512 = 512 bytes
   Sector size (logical/physical): 512 bytes / 512 bytes
   I/O size (minimum/optimal): 512 bytes / 512 bytes
   
   >>> Script header accepted.
   >>> Created a new DOS (MBR) disklabel with disk identifier 0x0a003bd0.
   /armbian/.tmp/rootfs-cde6fd57-03a6-40ce-99fe-18f365d84150.raw1: Created a new partition 1 of type 'Linux' and of size 2.5 GiB.
   /armbian/.tmp/rootfs-cde6fd57-03a6-40ce-99fe-18f365d84150.raw2: Done.
   
   New situation:
   Disklabel type: dos
   Disk identifier: 0x0a003bd0
   
   Device                                                         Boot Start     End Sectors  Size Id Type
   /armbian/.tmp/rootfs-cde6fd57-03a6-40ce-99fe-18f365d84150.raw1      32768 5210111 5177344  2.5G 83 Linux
   
   The partition table has been altered.
--> (150) INFO: Allocated loop device [ LOOP=/dev/loop0 ]
--> (150) COMMAND: partprobe /dev/loop0
--> (150) INFO: Creating device node [ /dev/loop0p1 ]
--> (150) COMMAND: mknod -m0660 /dev/loop0p1 b 0x103 0x5
--> (150) INFO: Device node created OK [ /dev/loop0p1 ]
--> (150) INFO: Creating rootfs [ ext4 on /dev/loop0p1 ]
--> (150) COMMAND: mkfs.ext4 -q -m 2 -O ^orphan_file -L armbi_root /dev/loop0p1
--> (150) COMMAND: tune2fs -o journal_data_writeback /dev/loop0p1
   tune2fs 1.47.2 (1-Jan-2025)
--> (150) INFO: Mounting rootfs [ /dev/loop0p1 (UUID=2cd0756d-a898-4154-a2ab-d921c1ebb9b6) ]
--> (150) COMMAND: mount /dev/loop0p1 /armbian/.tmp/mount-cde6fd57-03a6-40ce-99fe-18f365d84150/
--> (150) COMMAND: cat /armbian/.tmp/rootfs-cde6fd57-03a6-40ce-99fe-18f365d84150/etc/fstab
   UUID=2cd0756d-a898-4154-a2ab-d921c1ebb9b6 / ext4 defaults,commit=120,errors=remount-ro 0 1
--> (150) COMMAND: mkimage -C none -A arm -T script -d /armbian/.tmp/rootfs-cde6fd57-03a6-40ce-99fe-18f365d84150/boot/boot.cmd /armbian/.tmp/rootfs-cde6fd57-03a6-40ce-99fe-18f365d84150/boot/boot.scr
   Image Name:   
   Created:      Thu Oct  8 23:54:20 2026
   Image Type:   ARM Linux Script (uncompressed)
   Data Size:    3842 Bytes = 3.75 KiB = 0.00 MiB
   Load Address: 00000000
   Entry Point:  00000000
   Contents:
      Image 0: 3834 Bytes = 3.74 KiB = 0.00 MiB
------------------------------------------------------------------------------------------------------------
### create_image_from_sdcard_rootfs.log 
--> (150) INFO: Copying files via rsync to [ / (MOUNT root) ]
--> (150) COMMAND: rsync -aHWh -X --exclude=/boot --exclude=/dev/* --exclude=/proc/* --exclude=/run/* --exclude=/tmp/* --exclude=/sys/* --exclude="/home/*" --info=progress0,stats1 /armbian/.tmp/rootfs-cde6fd57-03a6-40ce-99fe-18f365d84150/ /armbian/.tmp/mount-cde6fd57-03a6-40ce-99fe-18f365d84150/
   
   sent 1.96G bytes  received 737.91K bytes  170.63M bytes/sec
   total size is 1.96G  speedup is 1.00
--> (161) INFO: Copying files to [ /boot (MOUNT /boot) ]
--> (161) COMMAND: rsync -aHWXh --info=progress0,stats1 /armbian/.tmp/rootfs-cde6fd57-03a6-40ce-99fe-18f365d84150/boot /armbian/.tmp/mount-cde6fd57-03a6-40ce-99fe-18f365d84150
   
   sent 72.88M bytes  received 7.92K bytes  145.77M bytes/sec
   total size is 72.84M  speedup is 1.00
--> (161) INFO: Deploying qemu-user-static binary to chroot [ qemu-aarch64-static during initrd# (from /usr/bin/qemu-aarch64-static) ]
--> (161) COMMAND: cp -pv /usr/bin/qemu-aarch64-static /armbian/.tmp/mount-cde6fd57-03a6-40ce-99fe-18f365d84150/usr/bin/qemu-aarch64-static
   '/usr/bin/qemu-aarch64-static' -> '/armbian/.tmp/mount-cde6fd57-03a6-40ce-99fe-18f365d84150/usr/bin/qemu-aarch64-static'
--> (161) COMMAND: cp -pv /usr/bin/qemu-aarch64-static /armbian/.tmp/mount-cde6fd57-03a6-40ce-99fe-18f365d84150/usr/bin/qemu-aarch64
   '/usr/bin/qemu-aarch64-static' -> '/armbian/.tmp/mount-cde6fd57-03a6-40ce-99fe-18f365d84150/usr/bin/qemu-aarch64'
--> (161) INFO: Updating initramfs... [ TMPDIR=/tmp update-initramfs -u -k 6.18.55-current-rockchip64 ]
--> (161) COMMAND: TMPDIR=/tmp update-initramfs -u -k 6.18.55-current-rockchip64 
   update-initramfs: Generating /boot/initrd.img-6.18.55-current-rockchip64
   update-initramfs: Armbian: Converting to u-boot format: /boot/uInitrd-6.18.55-current-rockchip64
   Image Name:   uInitrd
   Created:      Thu Oct  8 23:55:26 2026
   Image Type:   AArch64 Linux RAMDisk Image (gzip compressed)
   Data Size:    31954498 Bytes = 31205.56 KiB = 30.47 MiB
   Load Address: 00000000
   Entry Point:  00000000
   update-initramfs: Armbian: Symlinking /boot/uInitrd-6.18.55-current-rockchip64 to /boot/uInitrd
   '/boot/uInitrd' -> 'uInitrd-6.18.55-current-rockchip64'
   update-initramfs: Armbian: done.
--> (217) INFO: Updated initramfs. [ TMPDIR=/tmp update-initramfs -u -k 6.18.55-current-rockchip64 ]
--> (217) COMMAND: cp -v /armbian/.tmp/mount-cde6fd57-03a6-40ce-99fe-18f365d84150/boot/initrd.img-6.18.55-current-rockchip64 /armbian/cache/initrd/initrd.img-6.18.55-current-rockchip64-382cdc88226fb1aee45fc04404f10d71
   '/armbian/.tmp/mount-cde6fd57-03a6-40ce-99fe-18f365d84150/boot/initrd.img-6.18.55-current-rockchip64' -> '/armbian/cache/initrd/initrd.img-6.18.55-current-rockchip64-382cdc88226fb1aee45fc04404f10d71'
--> (217) COMMAND: cp -v /armbian/.tmp/work-cde6fd57-03a6-40ce-99fe-18f365d84150/initrd.img-6.18.55-current-rockchip64.cde6fd57-03a6-40ce-99fe-18f365d84150.manifest /armbian/cache/initrd/initrd.manifest-6.18.55-current-rockchip64.last.manifest
   '/armbian/.tmp/work-cde6fd57-03a6-40ce-99fe-18f365d84150/initrd.img-6.18.55-current-rockchip64.cde6fd57-03a6-40ce-99fe-18f365d84150.manifest' -> '/armbian/cache/initrd/initrd.manifest-6.18.55-current-rockchip64.last.manifest'
--> (217) INFO: Re-enabling [ initramfs-tools hook for kernel ]
--> (217) COMMAND: chmod -v +x /etc/kernel/postinst.d/initramfs-tools
   mode of '/etc/kernel/postinst.d/initramfs-tools' changed from 0644 (rw-r--r--) to 0755 (rwxr-xr-x)
--> (217) INFO: Unmounting [ /armbian/.tmp/mount-cde6fd57-03a6-40ce-99fe-18f365d84150 ]
--> (217) COMMAND: grep -E '/armbian/.tmp/mount-cde6fd57-03a6-40ce-99fe-18f365d84150/(dev|proc|sys|tmp)' /proc/mounts || true
--> (217) COMMAND: rm -rf /armbian/.tmp/mount-cde6fd57-03a6-40ce-99fe-18f365d84150/run/user/0
--> (217) INFO: Removing qemu-user-static binary from chroot [ qemu-aarch64-static during initrd ]
--> (217) COMMAND: rm -fv /armbian/.tmp/mount-cde6fd57-03a6-40ce-99fe-18f365d84150/usr/bin/qemu-aarch64-static
   removed '/armbian/.tmp/mount-cde6fd57-03a6-40ce-99fe-18f365d84150/usr/bin/qemu-aarch64-static'
--> (217) COMMAND: rm -fv /armbian/.tmp/mount-cde6fd57-03a6-40ce-99fe-18f365d84150/usr/bin/qemu-aarch64
   removed '/armbian/.tmp/mount-cde6fd57-03a6-40ce-99fe-18f365d84150/usr/bin/qemu-aarch64'
--> (217) INFO: Free SD cache [ 13% ]
--> (217) INFO: Mount point [ 90% ]
--> (217) INFO: Preparing u-boot bootloader [ LOOP=/dev/loop0 - /armbian/output/debs/linux-u-boot-rockpi-4b-current_26.11.0-trunk_arm64__2022.07-Se092-P8f7f-Ha199-V5608-B56a7-R448a.deb ]
--> (217) COMMAND: dpkg -x /armbian/output/debs/linux-u-boot-rockpi-4b-current_26.11.0-trunk_arm64__2022.07-Se092-P8f7f-Ha199-V5608-B56a7-R448a.deb /armbian/.tmp/work-cde6fd57-03a6-40ce-99fe-18f365d84150/uboot-write-zTdSu/
--> (217) INFO: Sourcing u-boot install functions [ /armbian/output/debs/linux-u-boot-rockpi-4b-current_26.11.0-trunk_arm64__2022.07-Se092-P8f7f-Ha199-V5608-B56a7-R448a.deb ]
--> (217) INFO: Writing u-boot bootloader [ /dev/loop0 ]
--> (217) COMMAND: dd if=/armbian/.tmp/work-cde6fd57-03a6-40ce-99fe-18f365d84150/uboot-write-zTdSu/usr/lib/linux-u-boot-current-rockpi-4b/idbloader.img of=/dev/loop0 seek=64 conv=notrunc status=none
--> (217) COMMAND: dd if=/armbian/.tmp/work-cde6fd57-03a6-40ce-99fe-18f365d84150/uboot-write-zTdSu/usr/lib/linux-u-boot-current-rockpi-4b/u-boot.itb of=/dev/loop0 seek=16384 conv=notrunc status=none
--> (217) INFO: Unmounting recursively [ MOUNT - be patient ]
--> (217) INFO: Freeing loop device [ /dev/loop0 ]
--> (217) COMMAND: mv -v /armbian/.tmp/rootfs-cde6fd57-03a6-40ce-99fe-18f365d84150.raw /armbian/.tmp/image-cde6fd57-03a6-40ce-99fe-18f365d84150/Armbian-unofficial_26.11.0-trunk_Rockpi-4b_trixie_current_6.18.55.img
   renamed '/armbian/.tmp/rootfs-cde6fd57-03a6-40ce-99fe-18f365d84150.raw' -> '/armbian/.tmp/image-cde6fd57-03a6-40ce-99fe-18f365d84150/Armbian-unofficial_26.11.0-trunk_Rockpi-4b_trixie_current_6.18.55.img'
--> (217) INFO: Done building [ Armbian-unofficial_26.11.0-trunk_Rockpi-4b_trixie_current_6.18.55.img ]
--> (217) INFO: Compression host [ nproc=4 (cap=16) loadavg=1.47/1.22/0.60 MemTotal=15989MB MemAvail=11508MB ]
--> (217) INFO: Compression resource share [ active_xz/zstd=0 -> threads=4, budget=6904MB; pick xz=-6 zstd=-12 ]
--> (217) INFO: Compression xz level walk [ -9:cpu<8 skip; -6:376MB<=budget OK ]
--> (217) INFO: Compression input [ 1 file(s), 2544MB total ]
--> (217) INFO: Compressing with xz [ Armbian-unofficial_26.11.0-trunk_Rockpi-4b_trixie_current_6.18.55.img.xz (-6, threads: 4/4, size: 2544MB, block: 24MB, peak: ~376MB, memlimit: 10240MiB) ]
--> (366) INFO: Compressed [ Armbian-unofficial_26.11.0-trunk_Rockpi-4b_trixie_current_6.18.55.img.xz: 2544MB -> 577MB (22%), 149s, 17 MB/s ]
--> (366) INFO: SHA256 calculating [ Armbian-unofficial_26.11.0-trunk_Rockpi-4b_trixie_current_6.18.55.img.xz ]
--> (367) INFO: Fast-moving file to output/images [ -> Armbian-unofficial_26.11.0-trunk_Rockpi-4b_trixie_current_6.18.55.img.txt (19.25KiB) ]
--> (367) COMMAND: mv /armbian/.tmp/image-cde6fd57-03a6-40ce-99fe-18f365d84150/Armbian-unofficial_26.11.0-trunk_Rockpi-4b_trixie_current_6.18.55.img.txt /armbian/output/images
--> (367) INFO: Fast-moving file to output/images [ -> Armbian-unofficial_26.11.0-trunk_Rockpi-4b_trixie_current_6.18.55.img.xz (577.84MiB) ]
--> (367) COMMAND: mv /armbian/.tmp/image-cde6fd57-03a6-40ce-99fe-18f365d84150/Armbian-unofficial_26.11.0-trunk_Rockpi-4b_trixie_current_6.18.55.img.xz /armbian/output/images
--> (367) INFO: Fast-moving file to output/images [ -> Armbian-unofficial_26.11.0-trunk_Rockpi-4b_trixie_current_6.18.55.img.xz.sha (138.00B) ]
--> (367) COMMAND: mv /armbian/.tmp/image-cde6fd57-03a6-40ce-99fe-18f365d84150/Armbian-unofficial_26.11.0-trunk_Rockpi-4b_trixie_current_6.18.55.img.xz.sha /armbian/output/images
--> (367) INFO: Unmounting recursively [ SDCARD rootfs finished - be patient ]
--> (370) TARGET-REACHED: Done building image [ rockpi-4b ]
------------------------------------------------------------------------------------------------------------
### runtime_total.log 
--> (370) INFO: Runtime [ 6:09 min ]
------------------------------------------------------------------------------------------------------------
### repeat_build_options.log 
--> (370) EXT: Repeat Build Options [ ./compile.sh build BOARD=rockpi-4b BRANCH=current BUILD_DESKTOP=no BUILD_MINIMAL=no COMPRESS_OUTPUTIMAGE=sha,img,xz EXPERT=yes KERNEL_CONFIGURE=no RELEASE=trixie SHARE_LOG=no ]
--> (370) INFO: Cleaning up [ please wait for cleanups to finish ]
------------------------------------------------------------------------------------------------------------
=================== build/output/logs/log-docker-cde6fd57-03a6-40ce-99fe-18f365d84150.log ===================
--> (1) INFO: Preparing rkusbboot host-side dependencies [ rkusbboot ]
--> (1) INFO: Creating [ Dockerfile; FROM ghcr.io/armbian/docker-armbian-build:armbian-debian-trixie-latest ]
------------------------------------------------------------------------------------------------------------
### docker_cli_build_dockerfile.log 
--> (1) COMMAND: mkdir -p /home/runner/work/wf7000a/wf7000a/build/cache/docker
--> (1) INFO: Armbian docker image [ does not exist: ghcr.io/armbian/docker-armbian-build:armbian-debian-trixie-latest ]
--> (1) INFO: Pulling [ ghcr.io/armbian/docker-armbian-build:armbian-debian-trixie-latest ]
--> (1) COMMAND: docker pull ghcr.io/armbian/docker-armbian-build:armbian-debian-trixie-latest
   armbian-debian-trixie-latest: Pulling from armbian/docker-armbian-build
   4846f2900730: Pulling fs layer
   69630491243a: Pulling fs layer
   1c822b0f7dcf: Pulling fs layer
   8e446dc98610: Pulling fs layer
   cbb05a36f145: Pulling fs layer
   025f38b3e701: Pulling fs layer
   c81e18583dd7: Pulling fs layer
   57b8168574ef: Pulling fs layer
   c6d7d7157dab: Pulling fs layer
   ef5809bd6fde: Pulling fs layer
   9767c8e502a9: Pulling fs layer
   f918d6c65870: Pulling fs layer
   f3536f4b8746: Pulling fs layer
   e259e7c7a894: Pulling fs layer
   a8a1f25fe024: Pulling fs layer
   c1b9441dcb78: Pulling fs layer
   ff546fc289e2: Pulling fs layer
   7c2c3e6829cb: Pulling fs layer
   0249683951fc: Pulling fs layer
   ff3233a0d35a: Pulling fs layer
   30ad17ea3763: Pulling fs layer
   ef5809bd6fde: Waiting
   c1b9441dcb78: Waiting
   ff546fc289e2: Waiting
   9767c8e502a9: Waiting
   7c2c3e6829cb: Waiting
   f918d6c65870: Waiting
   0249683951fc: Waiting
   f3536f4b8746: Waiting
   ff3233a0d35a: Waiting
   e259e7c7a894: Waiting
   30ad17ea3763: Waiting
   a8a1f25fe024: Waiting
   c81e18583dd7: Waiting
   025f38b3e701: Waiting
   57b8168574ef: Waiting
   8e446dc98610: Waiting
   cbb05a36f145: Waiting
   c6d7d7157dab: Waiting
   4846f2900730: Verifying Checksum
   4846f2900730: Download complete
   69630491243a: Verifying Checksum
   69630491243a: Download complete
   1c822b0f7dcf: Verifying Checksum
   1c822b0f7dcf: Download complete
   4846f2900730: Pull complete
   cbb05a36f145: Verifying Checksum
   cbb05a36f145: Download complete
   8e446dc98610: Verifying Checksum
   8e446dc98610: Download complete
   025f38b3e701: Verifying Checksum
   025f38b3e701: Download complete
   c81e18583dd7: Verifying Checksum
   c81e18583dd7: Download complete
   ef5809bd6fde: Verifying Checksum
   ef5809bd6fde: Download complete
   57b8168574ef: Verifying Checksum
   57b8168574ef: Download complete
   c6d7d7157dab: Verifying Checksum
   c6d7d7157dab: Download complete
   69630491243a: Pull complete
   f918d6c65870: Verifying Checksum
   f918d6c65870: Download complete
   f3536f4b8746: Verifying Checksum
   f3536f4b8746: Download complete
   9767c8e502a9: Verifying Checksum
   9767c8e502a9: Download complete
   e259e7c7a894: Verifying Checksum
   e259e7c7a894: Download complete
   ff546fc289e2: Verifying Checksum
   ff546fc289e2: Download complete
   a8a1f25fe024: Verifying Checksum
   a8a1f25fe024: Download complete
   7c2c3e6829cb: Verifying Checksum
   7c2c3e6829cb: Download complete
   0249683951fc: Download complete
   c1b9441dcb78: Verifying Checksum
   c1b9441dcb78: Download complete
   ff3233a0d35a: Download complete
   1c822b0f7dcf: Pull complete
   30ad17ea3763: Verifying Checksum
   30ad17ea3763: Download complete
   8e446dc98610: Pull complete
   cbb05a36f145: Pull complete
   025f38b3e701: Pull complete
   c81e18583dd7: Pull complete
   57b8168574ef: Pull complete
   c6d7d7157dab: Pull complete
   ef5809bd6fde: Pull complete
   9767c8e502a9: Pull complete
   f918d6c65870: Pull complete
   f3536f4b8746: Pull complete
   e259e7c7a894: Pull complete
   a8a1f25fe024: Pull complete
   c1b9441dcb78: Pull complete
   ff546fc289e2: Pull complete
   7c2c3e6829cb: Pull complete
   0249683951fc: Pull complete
   ff3233a0d35a: Pull complete
   30ad17ea3763: Pull complete
   Digest: sha256:9f26128ca2a4ce528cafe3bde1a700d471abdcd6af6ecd0446926aa412f2b482
   Status: Downloaded newer image for ghcr.io/armbian/docker-armbian-build:armbian-debian-trixie-latest
   ghcr.io/armbian/docker-armbian-build:armbian-debian-trixie-latest
--> (48) INFO: Building [ Dockerfile via 'buildx build --progress=plain --load' ]
--> (48) COMMAND: docker buildx build --progress=plain --load -t armbian.local.only/armbian-build:782f05d5 -f /home/runner/work/wf7000a/wf7000a/build/Dockerfile /home/runner/work/wf7000a/wf7000a/build
   #0 building with "default" instance using docker driver
   
   #1 [internal] load build definition from Dockerfile
   #1 transferring dockerfile: 3.81kB done
   #1 DONE 0.0s
   
   #2 [internal] load metadata for ghcr.io/armbian/docker-armbian-build:armbian-debian-trixie-latest
   #2 DONE 0.0s
   
   #3 [internal] load .dockerignore
   #3 transferring context: 441B done
   #3 DONE 0.0s
   
   #4 [internal] load build context
   #4 transferring context: 2.48MB 0.0s done
   #4 DONE 0.0s
   
   #5 [ 1/19] FROM ghcr.io/armbian/docker-armbian-build:armbian-debian-trixie-latest
   #5 DONE 0.1s
   
   #6 [ 2/19] RUN echo "--> CACHE MISS IN DOCKERFILE: apt update." && DEBIAN_FRONTEND=noninteractive apt-get -y update
   #6 0.098 --> CACHE MISS IN DOCKERFILE: apt update.
   #6 0.153 Get:1 http://deb.debian.org/debian trixie InRelease [140 kB]
   #6 0.204 Get:2 http://deb.debian.org/debian trixie-updates InRelease [47.3 kB]
   #6 0.220 Get:3 http://deb.debian.org/debian-security trixie-security InRelease [43.4 kB]
   #6 0.237 Get:4 http://deb.debian.org/debian trixie/main amd64 Packages [9678 kB]
   #6 0.373 Get:5 http://deb.debian.org/debian trixie-updates/main amd64 Packages [4412 B]
   #6 0.389 Get:6 http://deb.debian.org/debian-security trixie-security/main amd64 Packages [265 kB]
   #6 0.824 Fetched 10.2 MB in 1s (14.4 MB/s)
   #6 0.824 Reading package lists...
   #6 DONE 1.2s
   
   #7 [ 3/19] RUN echo "--> apt group: basic" && DEBIAN_FRONTEND=noninteractive apt-get install -y --no-install-recommends bash git psmisc uuid-runtime
   #7 0.075 --> apt group: basic
   #7 0.082 Reading package lists...
   #7 0.351 Building dependency tree...
   #7 0.417 Reading state information...
   #7 0.517 bash is already the newest version (5.2.37-2+b10).
   #7 0.517 git is already the newest version (1:2.47.3-0+deb13u1).
   #7 0.517 psmisc is already the newest version (23.7-2).
   #7 0.517 uuid-runtime is already the newest version (2.41.5-0+deb13u1).
   #7 0.517 0 upgraded, 0 newly installed, 0 to remove and 0 not upgraded.
   #7 DONE 0.5s
   
   #8 [ 4/19] RUN echo "--> apt group: clang" && DEBIAN_FRONTEND=noninteractive apt-get install -y --no-install-recommends libclang-dev
   #8 0.082 --> apt group: clang
   #8 0.089 Reading package lists...
   #8 0.355 Building dependency tree...
   #8 0.421 Reading state information...
   #8 0.522 libclang-dev is already the newest version (1:19.0-63).
   #8 0.522 0 upgraded, 0 newly installed, 0 to remove and 0 not upgraded.
   #8 DONE 0.5s
   
   #9 [ 5/19] RUN echo "--> apt group: qemu" && DEBIAN_FRONTEND=noninteractive apt-get install -y --no-install-recommends qemu-user-static qemu-utils
   #9 0.087 --> apt group: qemu
   #9 0.094 Reading package lists...
   #9 0.360 Building dependency tree...
   #9 0.425 Reading state information...
   #9 0.524 qemu-user-static is already the newest version (1:10.0.13+ds-0+deb13u1).
   #9 0.524 qemu-utils is already the newest version (1:10.0.13+ds-0+deb13u1).
   #9 0.524 0 upgraded, 0 newly installed, 0 to remove and 0 not upgraded.
   #9 DONE 0.5s
   
   #10 [ 6/19] RUN echo "--> apt group: cross-other" && DEBIAN_FRONTEND=noninteractive apt-get install -y --no-install-recommends gcc-riscv64-linux-gnu libc6-dev-riscv64-cross gcc-or1k-elf
   #10 0.080 --> apt group: cross-other
   #10 0.087 Reading package lists...
   #10 0.350 Building dependency tree...
   #10 0.414 Reading state information...
   #10 0.512 gcc-riscv64-linux-gnu is already the newest version (4:14.2.0-1).
   #10 0.512 libc6-dev-riscv64-cross is already the newest version (2.41-11cross1).
   #10 0.512 gcc-or1k-elf is already the newest version (14.2.0-19+1.0.10+b1).
   #10 0.512 0 upgraded, 0 newly installed, 0 to remove and 0 not upgraded.
   #10 DONE 0.5s
   
   #11 [ 7/19] RUN echo "--> apt group: cross-amd64" && DEBIAN_FRONTEND=noninteractive apt-get install -y --no-install-recommends gcc-x86-64-linux-gnu libc6-amd64-cross
   #11 0.087 --> apt group: cross-amd64
   #11 0.094 Reading package lists...
   #11 0.361 Building dependency tree...
   #11 0.427 Reading state information...
   #11 0.527 gcc-x86-64-linux-gnu is already the newest version (4:14.2.0-1).
   #11 0.527 libc6-amd64-cross is already the newest version (2.41-11cross1).
   #11 0.527 0 upgraded, 0 newly installed, 0 to remove and 0 not upgraded.
   #11 DONE 0.5s
   
   #12 [ 8/19] RUN echo "--> apt group: cross-arm64" && DEBIAN_FRONTEND=noninteractive apt-get install -y --no-install-recommends gcc-aarch64-linux-gnu g++-aarch64-linux-gnu
   #12 0.087 --> apt group: cross-arm64
   #12 0.094 Reading package lists...
   #12 0.360 Building dependency tree...
   #12 0.427 Reading state information...
   #12 0.527 gcc-aarch64-linux-gnu is already the newest version (4:14.2.0-1).
   #12 0.527 g++-aarch64-linux-gnu is already the newest version (4:14.2.0-1).
   #12 0.527 0 upgraded, 0 newly installed, 0 to remove and 0 not upgraded.
   #12 DONE 0.5s
   
   #13 [ 9/19] RUN echo "--> apt group: cross-armhf" && DEBIAN_FRONTEND=noninteractive apt-get install -y --no-install-recommends gcc-arm-linux-gnueabi gcc-arm-linux-gnueabihf
   #13 0.088 --> apt group: cross-armhf
   #13 0.095 Reading package lists...
   #13 0.357 Building dependency tree...
   #13 0.422 Reading state information...
   #13 0.523 gcc-arm-linux-gnueabi is already the newest version (4:14.2.0-1).
   #13 0.523 gcc-arm-linux-gnueabihf is already the newest version (4:14.2.0-1).
   #13 0.523 0 upgraded, 0 newly installed, 0 to remove and 0 not upgraded.
   #13 DONE 0.5s
   
   #14 [10/19] RUN echo "--> apt group: native-toolchain" && DEBIAN_FRONTEND=noninteractive apt-get install -y --no-install-recommends libc6-dev make dpkg-dev gcc ccache bison flex pkg-config libbison-dev libmpc-dev libfl-dev g++ build-essential dh-autoreconf
   #14 0.088 --> apt group: native-toolchain
   #14 0.095 Reading package lists...
   #14 0.361 Building dependency tree...
   #14 0.426 Reading state information...
   #14 0.527 libc6-dev is already the newest version (2.41-12+deb13u4).
   #14 0.527 make is already the newest version (4.4.1-2).
   #14 0.527 dpkg-dev is already the newest version (1.22.22).
   #14 0.527 gcc is already the newest version (4:14.2.0-1).
   #14 0.527 ccache is already the newest version (4.11.2-2).
   #14 0.527 bison is already the newest version (2:3.8.2+dfsg-1+b2).
   #14 0.527 flex is already the newest version (2.6.4-8.2+b4).
   #14 0.527 pkg-config is already the newest version (1.8.1-4).
   #14 0.527 libbison-dev is already the newest version (2:3.8.2+dfsg-1+b2).
   #14 0.527 libmpc-dev is already the newest version (1.3.1-1+b3).
   #14 0.527 libfl-dev is already the newest version (2.6.4-8.2+b4).
   #14 0.527 g++ is already the newest version (4:14.2.0-1).
   #14 0.527 build-essential is already the newest version (12.12).
   #14 0.527 dh-autoreconf is already the newest version (20).
   #14 0.527 0 upgraded, 0 newly installed, 0 to remove and 0 not upgraded.
   #14 DONE 0.5s
   
   #15 [11/19] RUN echo "--> apt group: rust" && DEBIAN_FRONTEND=noninteractive apt-get install -y --no-install-recommends rustc cargo
   #15 0.088 --> apt group: rust
   #15 0.096 Reading package lists...
   #15 0.360 Building dependency tree...
   #15 0.427 Reading state information...
   #15 0.528 rustc is already the newest version (1.85.1+dfsg1-1+deb13u1).
   #15 0.528 cargo is already the newest version (1.85.1+dfsg1-1+deb13u1).
   #15 0.528 0 upgraded, 0 newly installed, 0 to remove and 0 not upgraded.
   #15 DONE 0.5s
   
   #16 [12/19] RUN echo "--> apt group: build-tools" && DEBIAN_FRONTEND=noninteractive apt-get install -y --no-install-recommends device-tree-compiler libelf-dev libfdt-dev libncurses-dev libssl-dev libusb-1.0-0-dev swig u-boot-tools uuid-dev uuid-runtime zlib1g-dev dwarves libgnutls28-dev mkbootimg mtools libudev-dev
   #16 0.088 --> apt group: build-tools
   #16 0.095 Reading package lists...
   #16 0.360 Building dependency tree...
   #16 0.425 Reading state information...
   #16 0.523 device-tree-compiler is already the newest version (1.7.2-2+b1).
   #16 0.523 libelf-dev is already the newest version (0.192-4).
   #16 0.523 libfdt-dev is already the newest version (1.7.2-2+b1).
   #16 0.523 libncurses-dev is already the newest version (6.5+20250216-2).
   #16 0.523 libssl-dev is already the newest version (3.5.7-1~deb13u3).
   #16 0.523 libusb-1.0-0-dev is already the newest version (2:1.0.28-1).
   #16 0.523 swig is already the newest version (4.3.0-1).
   #16 0.523 u-boot-tools is already the newest version (2025.01-3+deb13u1).
   #16 0.523 uuid-dev is already the newest version (2.41.5-0+deb13u1).
   #16 0.523 uuid-runtime is already the newest version (2.41.5-0+deb13u1).
   #16 0.523 zlib1g-dev is already the newest version (1:1.3.dfsg+really1.3.1-1+b1).
   #16 0.523 dwarves is already the newest version (1.30-1).
   #16 0.523 libgnutls28-dev is already the newest version (3.8.9-3+deb13u4).
   #16 0.523 mkbootimg is already the newest version (1:34.0.5-12).
   #16 0.523 mtools is already the newest version (4.0.48-1).
   #16 0.523 libudev-dev is already the newest version (257.13-1~deb13u1).
   #16 0.523 0 upgraded, 0 newly installed, 0 to remove and 0 not upgraded.
   #16 DONE 0.5s
   
   #17 [13/19] RUN echo "--> apt group: imaging" && DEBIAN_FRONTEND=noninteractive apt-get install -y --no-install-recommends imagemagick
   #17 0.098 --> apt group: imaging
   #17 0.105 Reading package lists...
   #17 0.374 Building dependency tree...
   #17 0.440 Reading state information...
   #17 0.542 imagemagick is already the newest version (8:7.1.1.43+dfsg1-1+deb13u12).
   #17 0.542 0 upgraded, 0 newly installed, 0 to remove and 0 not upgraded.
   #17 DONE 0.6s
   
   #18 [14/19] RUN echo "--> apt group: python" && DEBIAN_FRONTEND=noninteractive apt-get install -y --no-install-recommends python3 libpython3-dev libffi-dev python3-yaml
   #18 0.087 --> apt group: python
   #18 0.094 Reading package lists...
   #18 0.357 Building dependency tree...
   #18 0.421 Reading state information...
   #18 0.519 python3 is already the newest version (3.13.5-1).
   #18 0.519 libpython3-dev is already the newest version (3.13.5-1).
   #18 0.519 libffi-dev is already the newest version (3.4.8-2).
   #18 0.519 python3-yaml is already the newest version (6.0.2-1+b2).
   #18 0.519 0 upgraded, 0 newly installed, 0 to remove and 0 not upgraded.
   #18 DONE 0.5s
   
   #19 [15/19] RUN echo "--> apt group: fs-tools" && DEBIAN_FRONTEND=noninteractive apt-get install -y --no-install-recommends dosfstools e2fsprogs parted gdisk fdisk btrfs-progs cryptsetup f2fs-tools nilfs-tools xfsprogs zerofree lvm2
   #19 0.093 --> apt group: fs-tools
   #19 0.100 Reading package lists...
   #19 0.369 Building dependency tree...
   #19 0.434 Reading state information...
   #19 0.534 dosfstools is already the newest version (4.2-1.2).
   #19 0.534 e2fsprogs is already the newest version (1.47.2-3+b12).
   #19 0.534 parted is already the newest version (3.6-5).
   #19 0.534 gdisk is already the newest version (1.0.10-2).
   #19 0.534 fdisk is already the newest version (2.41.5-0+deb13u1).
   #19 0.534 btrfs-progs is already the newest version (6.14-1).
   #19 0.534 cryptsetup is already the newest version (2:2.7.5-2).
   #19 0.534 f2fs-tools is already the newest version (1.16.0-1.1+b1).
   #19 0.534 nilfs-tools is already the newest version (2.2.11-2).
   #19 0.534 xfsprogs is already the newest version (6.13.0-2+deb13u1).
   #19 0.534 zerofree is already the newest version (1.1.1-1+b1).
   #19 0.534 lvm2 is already the newest version (2.03.31-2).
   #19 0.534 0 upgraded, 0 newly installed, 0 to remove and 0 not upgraded.
   #19 DONE 0.5s
   
   #20 [16/19] RUN echo "--> apt group: core" && DEBIAN_FRONTEND=noninteractive apt-get install -y --no-install-recommends binfmt-support arch-test lz4 unzip zip pigz xz-utils pbzip2 lzop zstd bc bsdextrautils ca-certificates cpio dialog dirmngr gawk gettext gnupg gpg jq kmod libfile-fcntllock-perl linux-base locales lsof ncurses-base ncurses-term ntpsec-ntpdate patchutils pv rsync udev file tree expect colorized-logs aria2 curl axel wget parallel rdfind binwalk openssh-client
   #20 0.087 --> apt group: core
   #20 0.094 Reading package lists...
   #20 0.361 Building dependency tree...
   #20 0.428 Reading state information...
   #20 0.529 binfmt-support is already the newest version (2.2.2-7).
   #20 0.529 arch-test is already the newest version (0.22-1).
   #20 0.529 lz4 is already the newest version (1.10.0-4).
   #20 0.529 unzip is already the newest version (6.0-29+deb13u1).
   #20 0.529 zip is already the newest version (3.0-15+deb13u1).
   #20 0.529 pigz is already the newest version (2.8-1).
   #20 0.529 xz-utils is already the newest version (5.8.1-1+deb13u2).
   #20 0.529 pbzip2 is already the newest version (1.1.13-1).
   #20 0.529 lzop is already the newest version (1.04-2).
   #20 0.529 zstd is already the newest version (1.5.7+dfsg-1).
   #20 0.529 bc is already the newest version (1.07.1-4).
   #20 0.529 bsdextrautils is already the newest version (2.41.5-0+deb13u1).
   #20 0.529 ca-certificates is already the newest version (20250419).
   #20 0.529 cpio is already the newest version (2.15+dfsg-2).
   #20 0.529 dialog is already the newest version (1.3-20250116-1).
   #20 0.529 dirmngr is already the newest version (2.4.7-21+deb13u1+b5).
   #20 0.529 gawk is already the newest version (1:5.2.1-2+b1).
   #20 0.529 gettext is already the newest version (0.23.1-2).
   #20 0.529 gnupg is already the newest version (2.4.7-21+deb13u1).
   #20 0.529 gpg is already the newest version (2.4.7-21+deb13u1+b5).
   #20 0.529 jq is already the newest version (1.7.1-6+deb13u4).
   #20 0.529 kmod is already the newest version (34.2-2).
   #20 0.529 libfile-fcntllock-perl is already the newest version (0.22-4+b4).
   #20 0.529 linux-base is already the newest version (4.12.1).
   #20 0.529 locales is already the newest version (2.41-12+deb13u4).
   #20 0.529 lsof is already the newest version (4.99.4+dfsg-2).
   #20 0.529 ncurses-base is already the newest version (6.5+20250216-2).
   #20 0.529 ncurses-term is already the newest version (6.5+20250216-2).
   #20 0.529 ntpsec-ntpdate is already the newest version (1.2.3+dfsg1-8).
   #20 0.529 patchutils is already the newest version (0.4.2-1).
   #20 0.529 pv is already the newest version (1.9.31-1).
   #20 0.529 rsync is already the newest version (3.5.0+ds1-0+deb13u1).
   #20 0.529 udev is already the newest version (257.13-1~deb13u1).
   #20 0.529 file is already the newest version (1:5.46-5).
   #20 0.529 tree is already the newest version (2.2.1-1).
   #20 0.529 expect is already the newest version (5.45.4-4).
   #20 0.529 colorized-logs is already the newest version (2.7-1).
   #20 0.529 aria2 is already the newest version (1.37.0+debian-3).
   #20 0.529 curl is already the newest version (8.14.1-2+deb13u5).
   #20 0.529 axel is already the newest version (2.17.14-2).
   #20 0.529 wget is already the newest version (1.25.0-2).
   #20 0.529 parallel is already the newest version (20240222+ds-2).
   #20 0.529 rdfind is already the newest version (1.6.0-1+b1).
   #20 0.529 binwalk is already the newest version (2.4.3+dfsg1-2+deb13u1).
   #20 0.529 openssh-client is already the newest version (1:10.0p1-7+deb13u4).
   #20 0.529 0 upgraded, 0 newly installed, 0 to remove and 0 not upgraded.
   #20 DONE 0.5s
   
   #21 [17/19] RUN echo "--> apt group: image-output-iso" && DEBIAN_FRONTEND=noninteractive apt-get install -y --no-install-recommends xorriso squashfs-tools mtools
   #21 0.089 --> apt group: image-output-iso
   #21 0.096 Reading package lists...
   #21 0.363 Building dependency tree...
   #21 0.429 Reading state information...
   #21 0.530 xorriso is already the newest version (1.5.6-1.2+b1).
   #21 0.530 squashfs-tools is already the newest version (1:4.6.1-1).
   #21 0.530 mtools is already the newest version (4.0.48-1).
   #21 0.530 0 upgraded, 0 newly installed, 0 to remove and 0 not upgraded.
   #21 DONE 0.5s
   
   #22 [18/19] WORKDIR /armbian
   #22 DONE 0.0s
   
   #23 [19/19] ADD . /armbian/
   #23 DONE 0.1s
   
   #24 exporting to image
   #24 exporting layers
   #24 exporting layers 8.3s done
   #24 writing image sha256:d9a02d769434185437d0cde3040d5a2698bd83a8721ad4b226eb91c9a55b97ef done
   #24 naming to armbian.local.only/armbian-build:782f05d5 done
   #24 DONE 8.3s
------------------------------------------------------------------------------------------------------------
### docker_cli_prepare_launch.log 
--> (66) INFO: Passing down to Docker [ GITHUB_OUTPUT: '/home/runner/work/_temp/_runner_file_commands/set_output_263768d5-0a72-4f3f-a04b-3b81f4d58bc2' ]
--> (66) INFO: Passing down to Docker [ GITHUB_STEP_SUMMARY: '/home/runner/work/_temp/_runner_file_commands/step_summary_263768d5-0a72-4f3f-a04b-3b81f4d58bc2' ]
--> (66) INFO: -----------------Relaunching in Docker after 66s------------------ [ here comes the 🐳 ]
--> (437) INFO: -------------Docker run finished after 437s------------------------ [ 🐳 successful ]
--> (437) COMMAND: docker image rm --force armbian.local.only/armbian-build:782f05d5 || true
--> (437) INFO: Cleaning up [ please wait for cleanups to finish ]
------------------------------------------------------------------------------------------------------------
=================== build/output/logs/log-requirements-72be933b-f93c-4ab7-adb2-cbef773841c2.log ===================
   Unpacking libatomic1-armel-cross (14.2.0-4ubuntu2~24.04cross1) ...
   Selecting previously unselected package libasan8-armel-cross.
   Preparing to unpack .../056-libasan8-armel-cross_14.2.0-4ubuntu2~24.04cross1_all.deb ...
   Unpacking libasan8-armel-cross (14.2.0-4ubuntu2~24.04cross1) ...
   Selecting previously unselected package libstdc++6-armel-cross.
   Preparing to unpack .../057-libstdc++6-armel-cross_14.2.0-4ubuntu2~24.04cross1_all.deb ...
   Unpacking libstdc++6-armel-cross (14.2.0-4ubuntu2~24.04cross1) ...
   Selecting previously unselected package libubsan1-armel-cross.
   Preparing to unpack .../058-libubsan1-armel-cross_14.2.0-4ubuntu2~24.04cross1_all.deb ...
   Unpacking libubsan1-armel-cross (14.2.0-4ubuntu2~24.04cross1) ...
   Selecting previously unselected package libgcc-13-dev-armel-cross.
   Preparing to unpack .../059-libgcc-13-dev-armel-cross_13.3.0-6ubuntu2~24.04cross1_all.deb ...
   Unpacking libgcc-13-dev-armel-cross (13.3.0-6ubuntu2~24.04cross1) ...
   Selecting previously unselected package gcc-13-arm-linux-gnueabi.
   Preparing to unpack .../060-gcc-13-arm-linux-gnueabi_13.3.0-6ubuntu2~24.04cross1_amd64.deb ...
   Unpacking gcc-13-arm-linux-gnueabi (13.3.0-6ubuntu2~24.04cross1) ...
   Selecting previously unselected package binutils-arm-linux-gnueabihf.
   Preparing to unpack .../061-binutils-arm-linux-gnueabihf_2.42-4ubuntu2.10_amd64.deb ...
   Unpacking binutils-arm-linux-gnueabihf (2.42-4ubuntu2.10) ...
   Selecting previously unselected package libc6-armhf-cross.
   Preparing to unpack .../062-libc6-armhf-cross_2.39-0ubuntu8cross1_all.deb ...
   Unpacking libc6-armhf-cross (2.39-0ubuntu8cross1) ...
   Selecting previously unselected package libgcc-s1-armhf-cross.
   Preparing to unpack .../063-libgcc-s1-armhf-cross_14.2.0-4ubuntu2~24.04.1cross1_all.deb ...
   Unpacking libgcc-s1-armhf-cross (14.2.0-4ubuntu2~24.04.1cross1) ...
   Selecting previously unselected package libgomp1-armhf-cross.
   Preparing to unpack .../064-libgomp1-armhf-cross_14.2.0-4ubuntu2~24.04.1cross1_all.deb ...
   Unpacking libgomp1-armhf-cross (14.2.0-4ubuntu2~24.04.1cross1) ...
   Selecting previously unselected package libatomic1-armhf-cross.
   Preparing to unpack .../065-libatomic1-armhf-cross_14.2.0-4ubuntu2~24.04.1cross1_all.deb ...
   Unpacking libatomic1-armhf-cross (14.2.0-4ubuntu2~24.04.1cross1) ...
   Selecting previously unselected package libasan8-armhf-cross.
   Preparing to unpack .../066-libasan8-armhf-cross_14.2.0-4ubuntu2~24.04.1cross1_all.deb ...
   Unpacking libasan8-armhf-cross (14.2.0-4ubuntu2~24.04.1cross1) ...
   Selecting previously unselected package libstdc++6-armhf-cross.
   Preparing to unpack .../067-libstdc++6-armhf-cross_14.2.0-4ubuntu2~24.04.1cross1_all.deb ...
   Unpacking libstdc++6-armhf-cross (14.2.0-4ubuntu2~24.04.1cross1) ...
   Selecting previously unselected package libubsan1-armhf-cross.
   Preparing to unpack .../068-libubsan1-armhf-cross_14.2.0-4ubuntu2~24.04.1cross1_all.deb ...
   Unpacking libubsan1-armhf-cross (14.2.0-4ubuntu2~24.04.1cross1) ...
   Selecting previously unselected package libgcc-13-dev-armhf-cross.
   Preparing to unpack .../069-libgcc-13-dev-armhf-cross_13.3.0-6ubuntu2~24.04.1cross1_all.deb ...
   Unpacking libgcc-13-dev-armhf-cross (13.3.0-6ubuntu2~24.04.1cross1) ...
   Selecting previously unselected package gcc-13-arm-linux-gnueabihf.
   Preparing to unpack .../070-gcc-13-arm-linux-gnueabihf_13.3.0-6ubuntu2~24.04.1cross1_amd64.deb ...
   Unpacking gcc-13-arm-linux-gnueabihf (13.3.0-6ubuntu2~24.04.1cross1) ...
   Selecting previously unselected package libc6-riscv64-cross.
   Preparing to unpack .../071-libc6-riscv64-cross_2.39-0ubuntu8cross1_all.deb ...
   Unpacking libc6-riscv64-cross (2.39-0ubuntu8cross1) ...
   Selecting previously unselected package libgcc-s1-riscv64-cross.
   Preparing to unpack .../072-libgcc-s1-riscv64-cross_14.2.0-4ubuntu2~24.04.1cross1_all.deb ...
   Unpacking libgcc-s1-riscv64-cross (14.2.0-4ubuntu2~24.04.1cross1) ...
   Selecting previously unselected package libgomp1-riscv64-cross.
   Preparing to unpack .../073-libgomp1-riscv64-cross_14.2.0-4ubuntu2~24.04.1cross1_all.deb ...
   Unpacking libgomp1-riscv64-cross (14.2.0-4ubuntu2~24.04.1cross1) ...
   Selecting previously unselected package libitm1-riscv64-cross.
   Preparing to unpack .../074-libitm1-riscv64-cross_14.2.0-4ubuntu2~24.04.1cross1_all.deb ...
   Unpacking libitm1-riscv64-cross (14.2.0-4ubuntu2~24.04.1cross1) ...
   Selecting previously unselected package libatomic1-riscv64-cross.
   Preparing to unpack .../075-libatomic1-riscv64-cross_14.2.0-4ubuntu2~24.04.1cross1_all.deb ...
   Unpacking libatomic1-riscv64-cross (14.2.0-4ubuntu2~24.04.1cross1) ...
   Selecting previously unselected package libasan8-riscv64-cross.
   Preparing to unpack .../076-libasan8-riscv64-cross_14.2.0-4ubuntu2~24.04.1cross1_all.deb ...
   Unpacking libasan8-riscv64-cross (14.2.0-4ubuntu2~24.04.1cross1) ...
   Selecting previously unselected package libstdc++6-riscv64-cross.
   Preparing to unpack .../077-libstdc++6-riscv64-cross_14.2.0-4ubuntu2~24.04.1cross1_all.deb ...
   Unpacking libstdc++6-riscv64-cross (14.2.0-4ubuntu2~24.04.1cross1) ...
   Selecting previously unselected package libubsan1-riscv64-cross.
   Preparing to unpack .../078-libubsan1-riscv64-cross_14.2.0-4ubuntu2~24.04.1cross1_all.deb ...
   Unpacking libubsan1-riscv64-cross (14.2.0-4ubuntu2~24.04.1cross1) ...
   Selecting previously unselected package libgcc-13-dev-riscv64-cross.
   Preparing to unpack .../079-libgcc-13-dev-riscv64-cross_13.3.0-6ubuntu2~24.04.1cross1_all.deb ...
   Unpacking libgcc-13-dev-riscv64-cross (13.3.0-6ubuntu2~24.04.1cross1) ...
   Selecting previously unselected package gcc-13-riscv64-linux-gnu.
   Preparing to unpack .../080-gcc-13-riscv64-linux-gnu_13.3.0-6ubuntu2~24.04.1cross1_amd64.deb ...
   Unpacking gcc-13-riscv64-linux-gnu (13.3.0-6ubuntu2~24.04.1cross1) ...
   Selecting previously unselected package gcc-aarch64-linux-gnu.
   Preparing to unpack .../081-gcc-aarch64-linux-gnu_4%3a13.2.0-7ubuntu1_amd64.deb ...
   Unpacking gcc-aarch64-linux-gnu (4:13.2.0-7ubuntu1) ...
   Selecting previously unselected package gcc-arm-linux-gnueabi.
   Preparing to unpack .../082-gcc-arm-linux-gnueabi_4%3a13.2.1-2ubuntu1_amd64.deb ...
   Unpacking gcc-arm-linux-gnueabi (4:13.2.1-2ubuntu1) ...
   Selecting previously unselected package gcc-arm-linux-gnueabihf.
   Preparing to unpack .../083-gcc-arm-linux-gnueabihf_4%3a13.2.0-7ubuntu1_amd64.deb ...
   Unpacking gcc-arm-linux-gnueabihf (4:13.2.0-7ubuntu1) ...
   Selecting previously unselected package gcc-riscv64-linux-gnu.
   Preparing to unpack .../084-gcc-riscv64-linux-gnu_4%3a13.2.0-7ubuntu1_amd64.deb ...
   Unpacking gcc-riscv64-linux-gnu (4:13.2.0-7ubuntu1) ...
   Selecting previously unselected package gettext.
   Preparing to unpack .../085-gettext_0.21-14ubuntu2_amd64.deb ...
   Unpacking gettext (0.21-14ubuntu2) ...
   Selecting previously unselected package imagemagick-6.q16.
   Preparing to unpack .../086-imagemagick-6.q16_8%3a6.9.12.98+dfsg1-5.2build2_amd64.deb ...
   Unpacking imagemagick-6.q16 (8:6.9.12.98+dfsg1-5.2build2) ...
   Selecting previously unselected package imagemagick.
   Preparing to unpack .../087-imagemagick_8%3a6.9.12.98+dfsg1-5.2build2_amd64.deb ...
   Unpacking imagemagick (8:6.9.12.98+dfsg1-5.2build2) ...
   Selecting previously unselected package libbison-dev:amd64.
   Preparing to unpack .../088-libbison-dev_2%3a3.8.2+dfsg-1ubuntu0.24.04.1_amd64.deb ...
   Unpacking libbison-dev:amd64 (2:3.8.2+dfsg-1ubuntu0.24.04.1) ...
   Selecting previously unselected package libc6-amd64-cross.
   Preparing to unpack .../089-libc6-amd64-cross_2.39-0ubuntu8cross1_all.deb ...
   Unpacking libc6-amd64-cross (2.39-0ubuntu8cross1) ...
   Selecting previously unselected package libzstd-dev:amd64.
   Preparing to unpack .../090-libzstd-dev_1.5.5+dfsg2-2build1.1_amd64.deb ...
   Unpacking libzstd-dev:amd64 (1.5.5+dfsg2-2build1.1) ...
   Selecting previously unselected package libelf-dev:amd64.
   Preparing to unpack .../091-libelf-dev_0.190-1.1ubuntu0.1_amd64.deb ...
   Unpacking libelf-dev:amd64 (0.190-1.1ubuntu0.1) ...
   Selecting previously unselected package libevent-2.1-7t64:amd64.
   Preparing to unpack .../092-libevent-2.1-7t64_2.1.12-stable-9ubuntu2.2_amd64.deb ...
   Unpacking libevent-2.1-7t64:amd64 (2.1.12-stable-9ubuntu2.2) ...
   Selecting previously unselected package libfile-fcntllock-perl.
   Preparing to unpack .../093-libfile-fcntllock-perl_0.22-4ubuntu5_amd64.deb ...
   Unpacking libfile-fcntllock-perl (0.22-4ubuntu5) ...
   Selecting previously unselected package libfl2:amd64.
   Preparing to unpack .../094-libfl2_2.6.4-8.2build1_amd64.deb ...
   Unpacking libfl2:amd64 (2.6.4-8.2build1) ...
   Selecting previously unselected package libfl-dev:amd64.
   Preparing to unpack .../095-libfl-dev_2.6.4-8.2build1_amd64.deb ...
   Unpacking libfl-dev:amd64 (2.6.4-8.2build1) ...
   Selecting previously unselected package libunbound8:amd64.
   Preparing to unpack .../096-libunbound8_1.19.2-1ubuntu3.10_amd64.deb ...
   Unpacking libunbound8:amd64 (1.19.2-1ubuntu3.10) ...
   Selecting previously unselected package libgnutls-dane0t64:amd64.
   Preparing to unpack .../097-libgnutls-dane0t64_3.8.3-1.1ubuntu3.6_amd64.deb ...
   Unpacking libgnutls-dane0t64:amd64 (3.8.3-1.1ubuntu3.6) ...
   Selecting previously unselected package libgnutls-openssl27t64:amd64.
   Preparing to unpack .../098-libgnutls-openssl27t64_3.8.3-1.1ubuntu3.6_amd64.deb ...
   Unpacking libgnutls-openssl27t64:amd64 (3.8.3-1.1ubuntu3.6) ...
   Selecting previously unselected package libidn2-dev:amd64.
   Preparing to unpack .../099-libidn2-dev_2.3.7-2build1.1_amd64.deb ...
   Unpacking libidn2-dev:amd64 (2.3.7-2build1.1) ...
   Selecting previously unselected package libp11-kit-dev:amd64.
   Preparing to unpack .../100-libp11-kit-dev_0.25.3-4ubuntu2.2_amd64.deb ...
   Unpacking libp11-kit-dev:amd64 (0.25.3-4ubuntu2.2) ...
   Selecting previously unselected package libtasn1-6-dev:amd64.
   Preparing to unpack .../101-libtasn1-6-dev_4.19.0-3ubuntu0.24.04.2_amd64.deb ...
   Unpacking libtasn1-6-dev:amd64 (4.19.0-3ubuntu0.24.04.2) ...
   Selecting previously unselected package nettle-dev:amd64.
   Preparing to unpack .../102-nettle-dev_3.9.1-2.2build1.1_amd64.deb ...
   Unpacking nettle-dev:amd64 (3.9.1-2.2build1.1) ...
   Selecting previously unselected package libgnutls28-dev:amd64.
   Preparing to unpack .../103-libgnutls28-dev_3.8.3-1.1ubuntu3.6_amd64.deb ...
   Unpacking libgnutls28-dev:amd64 (3.8.3-1.1ubuntu3.6) ...
   Selecting previously unselected package libmpfr-dev:amd64.
   Preparing to unpack .../104-libmpfr-dev_4.2.1-1build1.1_amd64.deb ...
   Unpacking libmpfr-dev:amd64 (4.2.1-1build1.1) ...
   Selecting previously unselected package libncurses-dev:amd64.
   Preparing to unpack .../105-libncurses-dev_6.4+20240113-1ubuntu2.2_amd64.deb ...
   Unpacking libncurses-dev:amd64 (6.4+20240113-1ubuntu2.2) ...
   Selecting previously unselected package libusb-1.0-0-dev:amd64.
   Preparing to unpack .../106-libusb-1.0-0-dev_2%3a1.0.27-1_amd64.deb ...
   Unpacking libusb-1.0-0-dev:amd64 (2:1.0.27-1) ...
   Selecting previously unselected package lzop.
   Preparing to unpack .../107-lzop_1.04-2build3_amd64.deb ...
   Unpacking lzop (1.04-2build3) ...
   Selecting previously unselected package python3-ntp.
   Preparing to unpack .../108-python3-ntp_1.2.2+dfsg1-4build2_amd64.deb ...
   Unpacking python3-ntp (1.2.2+dfsg1-4build2) ...
   Selecting previously unselected package ntpsec-ntpdig.
   Preparing to unpack .../109-ntpsec-ntpdig_1.2.2+dfsg1-4build2_amd64.deb ...
   Unpacking ntpsec-ntpdig (1.2.2+dfsg1-4build2) ...
   Selecting previously unselected package ntpsec-ntpdate.
   Preparing to unpack .../110-ntpsec-ntpdate_1.2.2+dfsg1-4build2_amd64.deb ...
   Unpacking ntpsec-ntpdate (1.2.2+dfsg1-4build2) ...
   Selecting previously unselected package pahole.
   Preparing to unpack .../111-pahole_1.25-0ubuntu3_amd64.deb ...
   Unpacking pahole (1.25-0ubuntu3) ...
   Selecting previously unselected package patchutils.
   Preparing to unpack .../112-patchutils_0.4.2-1build3_amd64.deb ...
   Unpacking patchutils (0.4.2-1build3) ...
   Selecting previously unselected package pbzip2.
   Preparing to unpack .../113-pbzip2_1.1.13-1build1_amd64.deb ...
   Unpacking pbzip2 (1.1.13-1build1) ...
   Selecting previously unselected package pv.
   Preparing to unpack .../114-pv_1.8.5-2build1_amd64.deb ...
   Unpacking pv (1.8.5-2build1) ...
   Selecting previously unselected package python3-zombie-imp.
   Preparing to unpack .../115-python3-zombie-imp_0.0.2-2_all.deb ...
   Unpacking python3-zombie-imp (0.0.2-2) ...
   Selecting previously unselected package python3-binwalk.
   Preparing to unpack .../116-python3-binwalk_2.3.4+dfsg1-5_all.deb ...
   Unpacking python3-binwalk (2.3.4+dfsg1-5) ...
   Selecting previously unselected package qemu-user-static.
   Preparing to unpack .../117-qemu-user-static_1%3a8.2.2+ds-0ubuntu1.18_amd64.deb ...
   Unpacking qemu-user-static (1:8.2.2+ds-0ubuntu1.18) ...
   Selecting previously unselected package u-boot-tools.
   Preparing to unpack .../118-u-boot-tools_2025.10-0ubuntu0.24.04.3_amd64.deb ...
   Unpacking u-boot-tools (2025.10-0ubuntu0.24.04.3) ...
   Selecting previously unselected package binwalk.
   Preparing to unpack .../119-binwalk_2.3.4+dfsg1-5_all.deb ...
   Unpacking binwalk (2.3.4+dfsg1-5) ...
   Selecting previously unselected package libfdt1:amd64.
   Preparing to unpack .../120-libfdt1_1.7.0-2build1_amd64.deb ...
   Unpacking libfdt1:amd64 (1.7.0-2build1) ...
   Selecting previously unselected package device-tree-compiler.
   Preparing to unpack .../121-device-tree-compiler_1.7.0-2build1_amd64.deb ...
   Unpacking device-tree-compiler (1.7.0-2build1) ...
   Selecting previously unselected package dwarves.
   Preparing to unpack .../122-dwarves_1.25-0ubuntu3_all.deb ...
   Unpacking dwarves (1.25-0ubuntu3) ...
   Selecting previously unselected package linux-libc-dev-riscv64-cross.
   Preparing to unpack .../123-linux-libc-dev-riscv64-cross_6.8.0-25.25cross1_all.deb ...
   Unpacking linux-libc-dev-riscv64-cross (6.8.0-25.25cross1) ...
   Selecting previously unselected package libc6-dev-riscv64-cross.
   Preparing to unpack .../124-libc6-dev-riscv64-cross_2.39-0ubuntu8cross1_all.deb ...
   Unpacking libc6-dev-riscv64-cross (2.39-0ubuntu8cross1) ...
   Selecting previously unselected package libfdt-dev:amd64.
   Preparing to unpack .../125-libfdt-dev_1.7.0-2build1_amd64.deb ...
   Unpacking libfdt-dev:amd64 (1.7.0-2build1) ...
   Selecting previously unselected package libffi-dev:amd64.
   Preparing to unpack .../126-libffi-dev_3.4.6-1build1_amd64.deb ...
   Unpacking libffi-dev:amd64 (3.4.6-1build1) ...
   Selecting previously unselected package libmpc-dev:amd64.
   Preparing to unpack .../127-libmpc-dev_1.3.1-1build1.1_amd64.deb ...
   Unpacking libmpc-dev:amd64 (1.3.1-1build1.1) ...
   Selecting previously unselected package rdfind.
   Preparing to unpack .../128-rdfind_1.6.0-1build3_amd64.deb ...
   Unpacking rdfind (1.6.0-1build3) ...
   Selecting previously unselected package uuid-dev:amd64.
   Preparing to unpack .../129-uuid-dev_2.39.3-9ubuntu6.6_amd64.deb ...
   Unpacking uuid-dev:amd64 (2.39.3-9ubuntu6.6) ...
   Setting up colorized-logs (2.6-1) ...
   Setting up libgnutls-openssl27t64:amd64 (3.8.3-1.1ubuntu3.6) ...
   Setting up libaom3:amd64 (3.8.2-2ubuntu0.2) ...
   Setting up imagemagick-6-common (8:6.9.12.98+dfsg1-5.2build2) ...
   Setting up libncurses-dev:amd64 (6.4+20240113-1ubuntu2.2) ...
   Setting up axel (2.17.13-1build2) ...
   Setting up gettext (0.21-14ubuntu2) ...
   Setting up binutils-arm-linux-gnueabi (2.42-4ubuntu2.10) ...
   Setting up python3-zombie-imp (0.0.2-2) ...
   Setting up libc6-armhf-cross (2.39-0ubuntu8cross1) ...
   Setting up libzstd-dev:amd64 (1.5.5+dfsg2-2build1.1) ...
   Setting up libbison-dev:amd64 (2:3.8.2+dfsg-1ubuntu0.24.04.1) ...
   Setting up nettle-dev:amd64 (3.9.1-2.2build1.1) ...
   Setting up gcc-13-riscv64-linux-gnu-base:amd64 (13.3.0-6ubuntu2~24.04.1cross1) ...
   Setting up libfile-fcntllock-perl (0.22-4ubuntu5) ...
   Setting up cpp-13-riscv64-linux-gnu (13.3.0-6ubuntu2~24.04.1cross1) ...
   Setting up qemu-user-static (1:8.2.2+ds-0ubuntu1.18) ...
   Setting up libwebpdemux2:amd64 (1.3.2-0.4build3) ...
   Setting up rdfind (1.6.0-1build3) ...
   Setting up tcl-expect:amd64 (5.45.4-3) ...
   Setting up python3-ntp (1.2.2+dfsg1-4build2) ...
   Setting up binutils-riscv64-linux-gnu (2.42-4ubuntu2.10) ...
   Setting up libusb-1.0-0-dev:amd64 (2:1.0.27-1) ...
   Setting up libevent-2.1-7t64:amd64 (2.1.12-stable-9ubuntu2.2) ...
   Setting up binutils-aarch64-linux-gnu (2.42-4ubuntu2.10) ...
   Setting up gcc-13-arm-linux-gnueabi-base:amd64 (13.3.0-6ubuntu2~24.04cross1) ...
   Setting up gcc-14-cross-base (14.2.0-4ubuntu2~24.04.1cross1) ...
   Setting up libatomic1-armhf-cross (14.2.0-4ubuntu2~24.04.1cross1) ...
   Setting up libfdt1:amd64 (1.7.0-2build1) ...
   Setting up libffi-dev:amd64 (3.4.6-1build1) ...
   Setting up libmpfr-dev:amd64 (4.2.1-1build1.1) ...
   Setting up pbzip2 (1.1.13-1build1) ...
   Setting up libfdt-dev:amd64 (1.7.0-2build1) ...
   Setting up patchutils (0.4.2-1build3) ...
   Setting up libunbound8:amd64 (1.19.2-1ubuntu3.10) ...
   Setting up libgnutls-dane0t64:amd64 (3.8.3-1.1ubuntu3.6) ...
   Setting up uuid-dev:amd64 (2.39.3-9ubuntu6.6) ...
   Setting up gcc-13-cross-base (13.3.0-6ubuntu2~24.04.1cross1) ...
   Setting up libc6-arm64-cross (2.39-0ubuntu8cross1) ...
   Setting up libelf-dev:amd64 (0.190-1.1ubuntu0.1) ...
   Setting up binfmt-support (2.2.2-7) ...
   update-binfmts: warning: python3.12 already enabled in kernel.
   Created symlink /etc/systemd/system/multi-user.target.wants/binfmt-support.service → /usr/lib/systemd/system/binfmt-support.service.
   Setting up libc6-amd64-cross (2.39-0ubuntu8cross1) ...
   Setting up device-tree-compiler (1.7.0-2build1) ...
   Setting up libitm1-arm64-cross (14.2.0-4ubuntu2~24.04.1cross1) ...
   Setting up libfl2:amd64 (2.6.4-8.2build1) ...
   Setting up libmpc-dev:amd64 (1.3.1-1build1.1) ...
   Setting up libfftw3-double3:amd64 (3.3.10-1ubuntu3) ...
   Setting up libidn2-dev:amd64 (2.3.7-2build1.1) ...
   Setting up pahole (1.25-0ubuntu3) ...
   Setting up libraw23t64:amd64 (0.21.2-2.1ubuntu0.24.04.2) ...
   Setting up libc6-armel-cross (2.39-0ubuntu8cross1) ...
   Setting up ntpsec-ntpdig (1.2.2+dfsg1-4build2) ...
   Setting up gcc-13-arm-linux-gnueabihf-base:amd64 (13.3.0-6ubuntu2~24.04.1cross1) ...
   Setting up u-boot-tools (2025.10-0ubuntu0.24.04.3) ...
   Setting up gcc-14-cross-base-ports (14.2.0-4ubuntu2~24.04cross1) ...
   Setting up liblqr-1-0:amd64 (0.4.2-2.1build2) ...
   Setting up pv (1.8.5-2build1) ...
   Setting up lzop (1.04-2build3) ...
   Setting up linux-libc-dev-riscv64-cross (6.8.0-25.25cross1) ...
   Setting up libopenjp2-7:amd64 (2.5.0-2ubuntu0.5) ...
   Setting up gcc-13-aarch64-linux-gnu-base:amd64 (13.3.0-6ubuntu2~24.04.1cross1) ...
   Setting up libc6-riscv64-cross (2.39-0ubuntu8cross1) ...
   Setting up libgomp1-riscv64-cross (14.2.0-4ubuntu2~24.04.1cross1) ...
   Setting up arch-test (0.21-1) ...
   Setting up libatomic1-riscv64-cross (14.2.0-4ubuntu2~24.04.1cross1) ...
   Setting up libtasn1-6-dev:amd64 (4.19.0-3ubuntu0.24.04.2) ...
   Setting up libwebpmux3:amd64 (1.3.2-0.4build3) ...
   Setting up binutils-arm-linux-gnueabihf (2.42-4ubuntu2.10) ...
   Setting up gcc-13-cross-base-ports (13.3.0-6ubuntu2~24.04cross1) ...
   Setting up cpp-riscv64-linux-gnu (4:13.2.0-7ubuntu1) ...
   Setting up libhiredis1.1.0:amd64 (1.2.0-6ubuntu3) ...
   Setting up libp11-kit-dev:amd64 (0.25.3-4ubuntu2.2) ...
   Setting up python3-binwalk (2.3.4+dfsg1-5) ...
   /usr/lib/python3/dist-packages/binwalk/core/magic.py:431: SyntaxWarning: invalid escape sequence '\.'
     self.period = re.compile("\.")
   Setting up libgcc-s1-arm64-cross (14.2.0-4ubuntu2~24.04.1cross1) ...
   Setting up libatomic1-arm64-cross (14.2.0-4ubuntu2~24.04.1cross1) ...
   Setting up libgomp1-armhf-cross (14.2.0-4ubuntu2~24.04.1cross1) ...
   Setting up libgnutls28-dev:amd64 (3.8.3-1.1ubuntu3.6) ...
   Setting up liblsan0-arm64-cross (14.2.0-4ubuntu2~24.04.1cross1) ...
   Setting up ntpsec-ntpdate (1.2.2+dfsg1-4build2) ...
   Setting up libgomp1-arm64-cross (14.2.0-4ubuntu2~24.04.1cross1) ...
   Setting up cpp-13-arm-linux-gnueabi (13.3.0-6ubuntu2~24.04cross1) ...
   Setting up libgomp1-armel-cross (14.2.0-4ubuntu2~24.04cross1) ...
   Setting up cpp-13-aarch64-linux-gnu (13.3.0-6ubuntu2~24.04.1cross1) ...
   Setting up cpp-13-arm-linux-gnueabihf (13.3.0-6ubuntu2~24.04.1cross1) ...
   Setting up libgcc-s1-armhf-cross (14.2.0-4ubuntu2~24.04.1cross1) ...
   Setting up expect (5.45.4-3) ...
   Setting up ccache (4.9.1-1) ...
   Updating symlinks in /usr/lib/ccache ...
   Setting up libgcc-s1-armel-cross (14.2.0-4ubuntu2~24.04cross1) ...
   Setting up libitm1-riscv64-cross (14.2.0-4ubuntu2~24.04.1cross1) ...
   Setting up libhwasan0-arm64-cross (14.2.0-4ubuntu2~24.04.1cross1) ...
   Setting up libstdc++6-armel-cross (14.2.0-4ubuntu2~24.04cross1) ...
   Setting up libatomic1-armel-cross (14.2.0-4ubuntu2~24.04cross1) ...
   Setting up libfl-dev:amd64 (2.6.4-8.2build1) ...
   Setting up libstdc++6-arm64-cross (14.2.0-4ubuntu2~24.04.1cross1) ...
   Setting up cpp-aarch64-linux-gnu (4:13.2.0-7ubuntu1) ...
   Setting up binwalk (2.3.4+dfsg1-5) ...
   Setting up cpp-arm-linux-gnueabi (4:13.2.1-2ubuntu1) ...
   Setting up libstdc++6-armhf-cross (14.2.0-4ubuntu2~24.04.1cross1) ...
   Setting up libgcc-s1-riscv64-cross (14.2.0-4ubuntu2~24.04.1cross1) ...
   Setting up libubsan1-armel-cross (14.2.0-4ubuntu2~24.04cross1) ...
   Setting up libubsan1-armhf-cross (14.2.0-4ubuntu2~24.04.1cross1) ...
   Setting up dwarves (1.25-0ubuntu3) ...
   Setting up libc6-dev-riscv64-cross (2.39-0ubuntu8cross1) ...
   Setting up libasan8-riscv64-cross (14.2.0-4ubuntu2~24.04.1cross1) ...
   Setting up libasan8-arm64-cross (14.2.0-4ubuntu2~24.04.1cross1) ...
   Setting up libtsan2-arm64-cross (14.2.0-4ubuntu2~24.04.1cross1) ...
   Setting up cpp-arm-linux-gnueabihf (4:13.2.0-7ubuntu1) ...
   Setting up libstdc++6-riscv64-cross (14.2.0-4ubuntu2~24.04.1cross1) ...
   Setting up libasan8-armhf-cross (14.2.0-4ubuntu2~24.04.1cross1) ...
   Setting up libasan8-armel-cross (14.2.0-4ubuntu2~24.04cross1) ...
   Setting up libubsan1-arm64-cross (14.2.0-4ubuntu2~24.04.1cross1) ...
   Setting up libgcc-13-dev-armel-cross (13.3.0-6ubuntu2~24.04cross1) ...
   Setting up libubsan1-riscv64-cross (14.2.0-4ubuntu2~24.04.1cross1) ...
   Setting up gcc-13-arm-linux-gnueabi (13.3.0-6ubuntu2~24.04cross1) ...
   Setting up libgcc-13-dev-armhf-cross (13.3.0-6ubuntu2~24.04.1cross1) ...
   Setting up libgcc-13-dev-arm64-cross (13.3.0-6ubuntu2~24.04.1cross1) ...
   Setting up gcc-arm-linux-gnueabi (4:13.2.1-2ubuntu1) ...
   Setting up libgcc-13-dev-riscv64-cross (13.3.0-6ubuntu2~24.04.1cross1) ...
   Setting up gcc-13-riscv64-linux-gnu (13.3.0-6ubuntu2~24.04.1cross1) ...
   Setting up gcc-13-aarch64-linux-gnu (13.3.0-6ubuntu2~24.04.1cross1) ...
   Setting up gcc-13-arm-linux-gnueabihf (13.3.0-6ubuntu2~24.04.1cross1) ...
   Setting up gcc-riscv64-linux-gnu (4:13.2.0-7ubuntu1) ...
   Setting up gcc-arm-linux-gnueabihf (4:13.2.0-7ubuntu1) ...
   Setting up gcc-aarch64-linux-gnu (4:13.2.0-7ubuntu1) ...
   Setting up libheif-plugin-aomdec:amd64 (1.17.6-1ubuntu4.9) ...
   Setting up libheif1:amd64 (1.17.6-1ubuntu4.9) ...
   Setting up libmagickcore-6.q16-7t64:amd64 (8:6.9.12.98+dfsg1-5.2build2) ...
   Setting up libmagickwand-6.q16-7t64:amd64 (8:6.9.12.98+dfsg1-5.2build2) ...
   Setting up imagemagick-6.q16 (8:6.9.12.98+dfsg1-5.2build2) ...
   update-alternatives: using /usr/bin/compare-im6.q16 to provide /usr/bin/compare (compare) in auto mode
   update-alternatives: using /usr/bin/compare-im6.q16 to provide /usr/bin/compare-im6 (compare-im6) in auto mode
   update-alternatives: using /usr/bin/animate-im6.q16 to provide /usr/bin/animate (animate) in auto mode
   update-alternatives: using /usr/bin/animate-im6.q16 to provide /usr/bin/animate-im6 (animate-im6) in auto mode
   update-alternatives: using /usr/bin/convert-im6.q16 to provide /usr/bin/convert (convert) in auto mode
   update-alternatives: using /usr/bin/convert-im6.q16 to provide /usr/bin/convert-im6 (convert-im6) in auto mode
   update-alternatives: using /usr/bin/composite-im6.q16 to provide /usr/bin/composite (composite) in auto mode
   update-alternatives: using /usr/bin/composite-im6.q16 to provide /usr/bin/composite-im6 (composite-im6) in auto mode
   update-alternatives: using /usr/bin/conjure-im6.q16 to provide /usr/bin/conjure (conjure) in auto mode
   update-alternatives: using /usr/bin/conjure-im6.q16 to provide /usr/bin/conjure-im6 (conjure-im6) in auto mode
   update-alternatives: using /usr/bin/import-im6.q16 to provide /usr/bin/import (import) in auto mode
   update-alternatives: using /usr/bin/import-im6.q16 to provide /usr/bin/import-im6 (import-im6) in auto mode
   update-alternatives: using /usr/bin/identify-im6.q16 to provide /usr/bin/identify (identify) in auto mode
   update-alternatives: using /usr/bin/identify-im6.q16 to provide /usr/bin/identify-im6 (identify-im6) in auto mode
   update-alternatives: using /usr/bin/stream-im6.q16 to provide /usr/bin/stream (stream) in auto mode
   update-alternatives: using /usr/bin/stream-im6.q16 to provide /usr/bin/stream-im6 (stream-im6) in auto mode
   update-alternatives: using /usr/bin/display-im6.q16 to provide /usr/bin/display (display) in auto mode
   update-alternatives: using /usr/bin/display-im6.q16 to provide /usr/bin/display-im6 (display-im6) in auto mode
   update-alternatives: using /usr/bin/montage-im6.q16 to provide /usr/bin/montage (montage) in auto mode
   update-alternatives: using /usr/bin/montage-im6.q16 to provide /usr/bin/montage-im6 (montage-im6) in auto mode
   update-alternatives: using /usr/bin/mogrify-im6.q16 to provide /usr/bin/mogrify (mogrify) in auto mode
   update-alternatives: using /usr/bin/mogrify-im6.q16 to provide /usr/bin/mogrify-im6 (mogrify-im6) in auto mode
   Setting up imagemagick (8:6.9.12.98+dfsg1-5.2build2) ...
   Processing triggers for install-info (7.1-3build2) ...
   Processing triggers for hicolor-icon-theme (0.17-2) ...
   Processing triggers for libc-bin (2.39-0ubuntu8.9) ...
   Processing triggers for systemd (255.4-1ubuntu8.17) ...
   Processing triggers for man-db (2.12.0-4build2) ...
   Not building database; man-db/auto-update is not 'true'.
   
   Running kernel seems to be up-to-date.
   
   No services need to be restarted.
   
   No containers need to be restarted.
   
   No user sessions are running outdated binaries.
   
   No VM guests are running outdated hypervisor (qemu) binaries on this host.
--> (23) COMMAND: update-ccache-symlinks
--> (23) CACHEHIT: Done with [ @host dependencies ]
--> (23) INFO: Cleaning up [ please wait for cleanups to finish ]
------------------------------------------------------------------------------------------------------------
